#
# There is insufficient memory for the Java Runtime Environment to continue.
# Native memory allocation (malloc) failed to allocate 614976 bytes. Error detail: Chunk::new
# Possible reasons:
#   The system is out of physical RAM or swap space
#   This process is running with CompressedOops enabled, and the Java Heap may be blocking the growth of the native heap
# Possible solutions:
#   Reduce memory load on the system
#   Increase physical memory or swap space
#   Check if swap backing store is full
#   Decrease Java heap size (-Xmx/-Xms)
#   Decrease number of Java threads
#   Decrease Java thread stack sizes (-Xss)
#   Set larger code cache with -XX:ReservedCodeCacheSize=
#   JVM is running with Unscaled Compressed Oops mode in which the Java heap is
#     placed in the first 4GB address space. The Java Heap base address is the
#     maximum limit for the native heap growth. Please use -XX:HeapBaseMinAddress
#     to set the Java Heap base and to place the Java Heap above 4GB virtual address.
# This output file may be truncated or incomplete.
#
#  Out of Memory Error (arena.cpp:168), pid=27572, tid=17380
#
# JRE version: OpenJDK Runtime Environment Temurin-21.0.10+7 (21.0.10+7) (build 21.0.10+7-LTS)
# Java VM: OpenJDK 64-Bit Server VM Temurin-21.0.10+7 (21.0.10+7-LTS, mixed mode, sharing, tiered, compressed oops, compressed class ptrs, parallel gc, windows-amd64)
# No core dump will be written. Minidumps are not enabled by default on client versions of Windows
#

---------------  S U M M A R Y ------------

Command Line: --add-modules=ALL-SYSTEM --add-opens=java.base/java.util=ALL-UNNAMED --add-opens=java.base/java.lang=ALL-UNNAMED --add-opens=java.base/sun.nio.fs=ALL-UNNAMED -Declipse.application=org.eclipse.jdt.ls.core.id1 -Dosgi.bundles.defaultStartLevel=4 -Declipse.product=org.eclipse.jdt.ls.core.product -Djava.import.generatesMetadataFilesAtProjectRoot=false -DDetectVMInstallationsJob.disabled=true -Dfile.encoding=utf8 -XX:+UseParallelGC -XX:GCTimeRatio=4 -XX:AdaptiveSizePolicyWeight=90 -Dsun.zip.disableMemoryMapping=true -Xmx2G -Xms100m -Xlog:disable -javaagent:c:\Users\noora\.vscode\extensions\redhat.java-1.54.0-win32-x64\lombok\lombok-1.18.39-4050.jar -XX:+HeapDumpOnOutOfMemoryError -XX:HeapDumpPath=c:\Users\noora\AppData\Roaming\Code\User\workspaceStorage\d060818fc9a2ccecc94454c2295717ac\redhat.java -Daether.dependencyCollector.impl=bf c:\Users\noora\.vscode\extensions\redhat.java-1.54.0-win32-x64\server\plugins\org.eclipse.equinox.launcher_1.7.100.v20251111-0406.jar -configuration c:\Users\noora\AppData\Roaming\Code\User\globalStorage\redhat.java\1.54.0\config_win -data c:\Users\noora\AppData\Roaming\Code\User\workspaceStorage\d060818fc9a2ccecc94454c2295717ac\redhat.java\jdt_ws --pipe=\\.\pipe\lsp-fc51bcf4462c6362e50ada22cb4f6aff-sock

Host: 12th Gen Intel(R) Core(TM) i5-1235U, 12 cores, 7G,  Windows 11 , 64 bit Build 26100 (10.0.26100.7920)
Time: Mon Apr 27 17:16:22 2026 Pakistan Standard Time elapsed time: 8.127374 seconds (0d 0h 0m 8s)

---------------  T H R E A D  ---------------

Current thread (0x0000024efce00090):  JavaThread "C2 CompilerThread1" daemon [_thread_in_native, id=17380, stack(0x0000008a3df00000,0x0000008a3e000000) (1024K)]


Current CompileTask:
C2:8127 4193   !   4       org.eclipse.osgi.internal.loader.classpath.ClasspathManager::findClassImpl (328 bytes)

Stack: [0x0000008a3df00000,0x0000008a3e000000]
Native frames: (J=compiled Java code, j=interpreted, Vv=VM code, C=native code)
V  [jvm.dll+0x6d7a39]
V  [jvm.dll+0x8b4b26]
V  [jvm.dll+0x8b70de]
V  [jvm.dll+0x8b77c3]
V  [jvm.dll+0x284346]
V  [jvm.dll+0xc66ed]
V  [jvm.dll+0xc6c31]
V  [jvm.dll+0x2fb29e]
V  [jvm.dll+0x5fe884]
V  [jvm.dll+0x255b17]
V  [jvm.dll+0x24dc0b]
V  [jvm.dll+0x24ba42]
V  [jvm.dll+0x1cb34e]
V  [jvm.dll+0x25b85d]
V  [jvm.dll+0x259dea]
V  [jvm.dll+0x3f857e]
V  [jvm.dll+0x85f59d]
V  [jvm.dll+0x6d626d]
C  [ucrtbase.dll+0x37b0]
C  [KERNEL32.DLL+0x2e8d7]
C  [ntdll.dll+0x8c48c]


---------------  P R O C E S S  ---------------

Threads class SMR info:
_java_thread_list=0x0000024efee7f1e0, length=26, elements={
0x0000024ee3923100, 0x0000024ee38ce150, 0x0000024ee39c1110, 0x0000024ee39c5a00,
0x0000024ee39c9e50, 0x0000024ee39cca30, 0x0000024ee39cb820, 0x0000024ee39d01b0,
0x0000024ee39d0c50, 0x0000024efb803c50, 0x0000024efb97e2c0, 0x0000024efcf4f100,
0x0000024efce05280, 0x0000024efce3a740, 0x0000024efce3b180, 0x0000024efd2575b0,
0x0000024efd73d4f0, 0x0000024efd1eaac0, 0x0000024efd7384c0, 0x0000024efd737110,
0x0000024efd7377a0, 0x0000024efce00090, 0x0000024efccb5f60, 0x0000024efd4d54d0,
0x0000024efd4d2d70, 0x0000024efd4d4e40
}

Java Threads: ( => current thread )
  0x0000024ee3923100 JavaThread "main"                              [_thread_blocked, id=11580, stack(0x0000008a3d100000,0x0000008a3d200000) (1024K)]
  0x0000024ee38ce150 JavaThread "Reference Handler"          daemon [_thread_blocked, id=2800, stack(0x0000008a3d500000,0x0000008a3d600000) (1024K)]
  0x0000024ee39c1110 JavaThread "Finalizer"                  daemon [_thread_blocked, id=18200, stack(0x0000008a3d600000,0x0000008a3d700000) (1024K)]
  0x0000024ee39c5a00 JavaThread "Signal Dispatcher"          daemon [_thread_blocked, id=13580, stack(0x0000008a3d700000,0x0000008a3d800000) (1024K)]
  0x0000024ee39c9e50 JavaThread "Attach Listener"            daemon [_thread_blocked, id=29752, stack(0x0000008a3d800000,0x0000008a3d900000) (1024K)]
  0x0000024ee39cca30 JavaThread "Service Thread"             daemon [_thread_blocked, id=26484, stack(0x0000008a3d900000,0x0000008a3da00000) (1024K)]
  0x0000024ee39cb820 JavaThread "Monitor Deflation Thread"   daemon [_thread_blocked, id=11876, stack(0x0000008a3da00000,0x0000008a3db00000) (1024K)]
  0x0000024ee39d01b0 JavaThread "C2 CompilerThread0"         daemon [_thread_in_native, id=18632, stack(0x0000008a3db00000,0x0000008a3dc00000) (1024K)]
  0x0000024ee39d0c50 JavaThread "C1 CompilerThread0"         daemon [_thread_blocked, id=12992, stack(0x0000008a3dc00000,0x0000008a3dd00000) (1024K)]
  0x0000024efb803c50 JavaThread "Common-Cleaner"             daemon [_thread_blocked, id=8104, stack(0x0000008a3de00000,0x0000008a3df00000) (1024K)]
  0x0000024efb97e2c0 JavaThread "Notification Thread"        daemon [_thread_blocked, id=22852, stack(0x0000008a3e000000,0x0000008a3e100000) (1024K)]
  0x0000024efcf4f100 JavaThread "Active Thread: Equinox Container: fbc3e1eb-bc4f-4435-9195-d6bca1205d94"        [_thread_blocked, id=20392, stack(0x0000008a3e700000,0x0000008a3e800000) (1024K)]
  0x0000024efce05280 JavaThread "Refresh Thread: Equinox Container: fbc3e1eb-bc4f-4435-9195-d6bca1205d94" daemon [_thread_blocked, id=604, stack(0x0000008a3e900000,0x0000008a3ea00000) (1024K)]
  0x0000024efce3a740 JavaThread "Framework Event Dispatcher: Equinox Container: fbc3e1eb-bc4f-4435-9195-d6bca1205d94" daemon [_thread_blocked, id=28128, stack(0x0000008a3ea00000,0x0000008a3eb00000) (1024K)]
  0x0000024efce3b180 JavaThread "Start Level: Equinox Container: fbc3e1eb-bc4f-4435-9195-d6bca1205d94" daemon [_thread_in_Java, id=29816, stack(0x0000008a3eb00000,0x0000008a3ec00000) (1024K)]
  0x0000024efd2575b0 JavaThread "Bundle File Closer"         daemon [_thread_blocked, id=31712, stack(0x0000008a3ee00000,0x0000008a3ef00000) (1024K)]
  0x0000024efd73d4f0 JavaThread "SCR Component Actor"        daemon [_thread_blocked, id=26944, stack(0x0000008a3dd00000,0x0000008a3de00000) (1024K)]
  0x0000024efd1eaac0 JavaThread "Worker-JM"                         [_thread_blocked, id=4240, stack(0x0000008a3ef00000,0x0000008a3f000000) (1024K)]
  0x0000024efd7384c0 JavaThread "JNA Cleaner"                daemon [_thread_blocked, id=2020, stack(0x0000008a3f000000,0x0000008a3f100000) (1024K)]
  0x0000024efd737110 JavaThread "Worker-0: Updating Maven Dependencies"        [_thread_in_native, id=28976, stack(0x0000008a3f100000,0x0000008a3f200000) (1024K)]
  0x0000024efd7377a0 JavaThread "Worker-1: Repository registry initialization"        [_thread_blocked, id=30700, stack(0x0000008a3f200000,0x0000008a3f300000) (1024K)]
=>0x0000024efce00090 JavaThread "C2 CompilerThread1"         daemon [_thread_in_native, id=17380, stack(0x0000008a3df00000,0x0000008a3e000000) (1024K)]
  0x0000024efccb5f60 JavaThread "C2 CompilerThread2"         daemon [_thread_in_native, id=26520, stack(0x0000008a3f300000,0x0000008a3f400000) (1024K)]
  0x0000024efd4d54d0 JavaThread "Worker-2"                          [_thread_blocked, id=13564, stack(0x0000008a3f400000,0x0000008a3f500000) (1024K)]
  0x0000024efd4d2d70 JavaThread "Java indexing"              daemon [_thread_blocked, id=28524, stack(0x0000008a3f500000,0x0000008a3f600000) (1024K)]
  0x0000024efd4d4e40 JavaThread "Worker-3"                          [_thread_blocked, id=27300, stack(0x0000008a3f600000,0x0000008a3f700000) (1024K)]
Total: 26

Other Threads:
  0x0000024ee16aeb80 VMThread "VM Thread"                           [id=30224, stack(0x0000008a3d400000,0x0000008a3d500000) (1024K)]
  0x0000024ee37aca00 WatcherThread "VM Periodic Task Thread"        [id=27456, stack(0x0000008a3d300000,0x0000008a3d400000) (1024K)]
  0x0000024ee39419e0 WorkerThread "GC Thread#0"                     [id=29660, stack(0x0000008a3d200000,0x0000008a3d300000) (1024K)]
  0x0000024efc7e4df0 WorkerThread "GC Thread#1"                     [id=23340, stack(0x0000008a3e100000,0x0000008a3e200000) (1024K)]
  0x0000024efc7e3b80 WorkerThread "GC Thread#2"                     [id=17516, stack(0x0000008a3e200000,0x0000008a3e300000) (1024K)]
  0x0000024efc7e3f30 WorkerThread "GC Thread#3"                     [id=23668, stack(0x0000008a3e300000,0x0000008a3e400000) (1024K)]
  0x0000024efc7e37d0 WorkerThread "GC Thread#4"                     [id=26688, stack(0x0000008a3e400000,0x0000008a3e500000) (1024K)]
  0x0000024efc7e42e0 WorkerThread "GC Thread#5"                     [id=28204, stack(0x0000008a3e500000,0x0000008a3e600000) (1024K)]
  0x0000024efc7e4690 WorkerThread "GC Thread#6"                     [id=25996, stack(0x0000008a3e600000,0x0000008a3e700000) (1024K)]
  0x0000024efce63fe0 WorkerThread "GC Thread#7"                     [id=31408, stack(0x0000008a3e800000,0x0000008a3e900000) (1024K)]
  0x0000024efce63880 WorkerThread "GC Thread#8"                     [id=23596, stack(0x0000008a3ec00000,0x0000008a3ed00000) (1024K)]
  0x0000024efce664c0 WorkerThread "GC Thread#9"                     [id=29888, stack(0x0000008a3ed00000,0x0000008a3ee00000) (1024K)]
Total: 12

Threads with active compile tasks:
C2 CompilerThread0  8182 4261       4       org.eclipse.osgi.internal.loader.ModuleClassLoader::toString (80 bytes)
C2 CompilerThread1  8182 4193   !   4       org.eclipse.osgi.internal.loader.classpath.ClasspathManager::findClassImpl (328 bytes)
C2 CompilerThread2  8182 4278       4       java.util.HashMap::put (13 bytes)
Total: 3

VM state: not at safepoint (normal execution)

VM Mutex/Monitor currently owned by a thread: None

Heap address: 0x0000000080000000, size: 2048 MB, Compressed Oops mode: 32-bit

CDS archive(s) mapped at: [0x0000024e80000000-0x0000024e80ba0000-0x0000024e80ba0000), size 12189696, SharedBaseAddress: 0x0000024e80000000, ArchiveRelocationMode: 1.
Compressed class space mapped at: 0x0000024e81000000-0x0000024ec1000000, reserved size: 1073741824
Narrow klass base: 0x0000024e80000000, Narrow klass shift: 0, Narrow klass range: 0x100000000

GC Precious Log:
 CardTable entry size: 512
 CPUs: 12 total, 12 available
 Memory: 7865M
 Large Page Support: Disabled
 NUMA Support: Disabled
 Compressed Oops: Enabled (32-bit)
 Alignments: Space 512K, Generation 512K, Heap 2M
 Heap Min Capacity: 100M
 Heap Initial Capacity: 100M
 Heap Max Capacity: 2G
 Pre-touch: Disabled
 Parallel Workers: 10

Heap:
 PSYoungGen      total 24576K, used 12912K [0x00000000d5580000, 0x00000000d7180000, 0x0000000100000000)
  eden space 22528K, 50% used [0x00000000d5580000,0x00000000d6098d88,0x00000000d6b80000)
  from space 2048K, 75% used [0x00000000d6f00000,0x00000000d7083510,0x00000000d7100000)
  to   space 512K, 0% used [0x00000000d7100000,0x00000000d7100000,0x00000000d7180000)
 ParOldGen       total 68608K, used 14620K [0x0000000080000000, 0x0000000084300000, 0x00000000d5580000)
  object space 68608K, 21% used [0x0000000080000000,0x0000000080e471f8,0x0000000084300000)
 Metaspace       used 29609K, committed 30528K, reserved 1114112K
  class space    used 2935K, committed 3328K, reserved 1048576K

Card table byte_map: [0x0000024ee32c0000,0x0000024ee36d0000] _byte_map_base: 0x0000024ee2ec0000

Marking Bits: (ParMarkBitMap*) 0x00007ffeac2f3450
 Begin Bits: [0x0000024ef5dd0000, 0x0000024ef7dd0000)
 End Bits:   [0x0000024ef7dd0000, 0x0000024ef9dd0000)

Polling page: 0x0000024ee1740000

Metaspace:

Usage:
  Non-class:     26.05 MB used.
      Class:      2.87 MB used.
       Both:     28.92 MB used.

Virtual space:
  Non-class space:       64.00 MB reserved,      26.56 MB ( 42%) committed,  1 nodes.
      Class space:        1.00 GB reserved,       3.25 MB ( <1%) committed,  1 nodes.
             Both:        1.06 GB reserved,      29.81 MB (  3%) committed. 

Chunk freelists:
   Non-Class:  5.34 MB
       Class:  12.73 MB
        Both:  18.08 MB

MaxMetaspaceSize: unlimited
CompressedClassSpaceSize: 1.00 GB
Initial GC threshold: 21.00 MB
Current GC threshold: 35.00 MB
CDS: on
 - commit_granule_bytes: 65536.
 - commit_granule_words: 8192.
 - virtual_space_node_default_size: 8388608.
 - enlarge_chunks_in_place: 1.
 - use_allocation_guard: 0.


Internal statistics:

num_allocs_failed_limit: 3.
num_arena_births: 722.
num_arena_deaths: 14.
num_vsnodes_births: 2.
num_vsnodes_deaths: 0.
num_space_committed: 477.
num_space_uncommitted: 0.
num_chunks_returned_to_freelist: 17.
num_chunks_taken_from_freelist: 1928.
num_chunk_merges: 7.
num_chunk_splits: 1238.
num_chunks_enlarged: 775.
num_inconsistent_stats: 0.

CodeHeap 'non-profiled nmethods': size=120000Kb used=2118Kb max_used=2118Kb free=117881Kb
 bounds [0x0000024eee5f0000, 0x0000024eee860000, 0x0000024ef5b20000]
CodeHeap 'profiled nmethods': size=120000Kb used=8926Kb max_used=8926Kb free=111073Kb
 bounds [0x0000024ee6b20000, 0x0000024ee73e0000, 0x0000024eee050000]
CodeHeap 'non-nmethods': size=5760Kb used=1342Kb max_used=1380Kb free=4417Kb
 bounds [0x0000024eee050000, 0x0000024eee2c0000, 0x0000024eee5f0000]
CodeCache: size=245760Kb, used=12386Kb, max_used=12424Kb, free=233371Kb
 total_blobs=4903, nmethods=4274, adapters=534, full_count=0
Compilation: enabled, stopped_count=0, restarted_count=0

Compilation events (20 events):
Event: 8.054 Thread 0x0000024ee39d0c50 nmethod 4252 0x0000024eee7fa290 code [0x0000024eee7fa420, 0x0000024eee7fa4e8]
Event: 8.054 Thread 0x0000024ee39d0c50 4254       3       java.util.Hashtable$Enumerator::hasNext (5 bytes)
Event: 8.054 Thread 0x0000024ee39d0c50 nmethod 4254 0x0000024ee73c8590 code [0x0000024ee73c8740, 0x0000024ee73c8880]
Event: 8.054 Thread 0x0000024ee39d0c50 4255       3       java.util.Hashtable$Enumerator::next (27 bytes)
Event: 8.055 Thread 0x0000024ee39d0c50 nmethod 4255 0x0000024ee73c8910 code [0x0000024ee73c8ae0, 0x0000024ee73c8d38]
Event: 8.057 Thread 0x0000024ee39d0c50 4256       3       java.lang.ClassLoader::definePackage (53 bytes)
Event: 8.057 Thread 0x0000024ee39d0c50 nmethod 4256 0x0000024ee73c8e90 code [0x0000024ee73c90a0, 0x0000024ee73c9600]
Event: 8.072 Thread 0x0000024efccb5f60 nmethod 4253 0x0000024eee7fa590 code [0x0000024eee7fa7c0, 0x0000024eee7fb150]
Event: 8.072 Thread 0x0000024efccb5f60 4257   !   4       org.eclipse.osgi.container.ModuleDatabase::getWiring (31 bytes)
Event: 8.082 Thread 0x0000024ee39d0c50 4258  s    3       java.util.Hashtable::putAll (52 bytes)
Event: 8.082 Thread 0x0000024ee39d0c50 nmethod 4258 0x0000024ee73c9890 code [0x0000024ee73c9ac0, 0x0000024ee73ca3c8]
Event: 8.083 Thread 0x0000024ee39d0c50 4259       3       org.eclipse.core.internal.preferences.DefaultPreferences::internalPut (66 bytes)
Event: 8.085 Thread 0x0000024ee39d0c50 nmethod 4259 0x0000024ee73ca610 code [0x0000024ee73ca880, 0x0000024ee73cb2b8]
Event: 8.086 Thread 0x0000024ee39d0c50 4260       3       org.eclipse.core.internal.preferences.DefaultPreferences::isInitializingBundleDefaults (33 bytes)
Event: 8.087 Thread 0x0000024ee39d0c50 nmethod 4260 0x0000024ee73cb690 code [0x0000024ee73cb860, 0x0000024ee73cbc68]
Event: 8.089 Thread 0x0000024ee39d01b0 nmethod 4247 0x0000024eee7fb710 code [0x0000024eee7fb980, 0x0000024eee7fc728]
Event: 8.094 Thread 0x0000024efccb5f60 nmethod 4257 0x0000024eee7fd010 code [0x0000024eee7fd240, 0x0000024eee7fd930]
Event: 8.094 Thread 0x0000024ee39d01b0 4261       4       org.eclipse.osgi.internal.loader.ModuleClassLoader::toString (80 bytes)
Event: 8.099 Thread 0x0000024efccb5f60 4262       4       org.eclipse.osgi.internal.loader.classpath.ClasspathManager::processClass (91 bytes)
Event: 8.101 Thread 0x0000024efccb5f60 nmethod 4262 0x0000024eee7fe090 code [0x0000024eee7fe220, 0x0000024eee7fe338]

GC Heap History (20 events):
Event: 2.190 GC heap before
{Heap before GC invocations=3 (full 0):
 PSYoungGen      total 29696K, used 29562K [0x00000000d5580000, 0x00000000d7680000, 0x0000000100000000)
  eden space 25600K, 99% used [0x00000000d5580000,0x00000000d6e60cd8,0x00000000d6e80000)
  from space 4096K, 99% used [0x00000000d7280000,0x00000000d767dea8,0x00000000d7680000)
  to   space 4096K, 0% used [0x00000000d6e80000,0x00000000d6e80000,0x00000000d7280000)
 ParOldGen       total 68608K, used 2052K [0x0000000080000000, 0x0000000084300000, 0x00000000d5580000)
  object space 68608K, 2% used [0x0000000080000000,0x0000000080201030,0x0000000084300000)
 Metaspace       used 9353K, committed 9664K, reserved 1114112K
  class space    used 1006K, committed 1152K, reserved 1048576K
}
Event: 2.196 GC heap after
{Heap after GC invocations=3 (full 0):
 PSYoungGen      total 29696K, used 4070K [0x00000000d5580000, 0x00000000d7680000, 0x0000000100000000)
  eden space 25600K, 0% used [0x00000000d5580000,0x00000000d5580000,0x00000000d6e80000)
  from space 4096K, 99% used [0x00000000d6e80000,0x00000000d7279b38,0x00000000d7280000)
  to   space 4096K, 0% used [0x00000000d7280000,0x00000000d7280000,0x00000000d7680000)
 ParOldGen       total 68608K, used 5101K [0x0000000080000000, 0x0000000084300000, 0x00000000d5580000)
  object space 68608K, 7% used [0x0000000080000000,0x00000000804fb460,0x0000000084300000)
 Metaspace       used 9353K, committed 9664K, reserved 1114112K
  class space    used 1006K, committed 1152K, reserved 1048576K
}
Event: 4.555 GC heap before
{Heap before GC invocations=4 (full 0):
 PSYoungGen      total 29696K, used 29670K [0x00000000d5580000, 0x00000000d7680000, 0x0000000100000000)
  eden space 25600K, 100% used [0x00000000d5580000,0x00000000d6e80000,0x00000000d6e80000)
  from space 4096K, 99% used [0x00000000d6e80000,0x00000000d7279b38,0x00000000d7280000)
  to   space 4096K, 0% used [0x00000000d7280000,0x00000000d7280000,0x00000000d7680000)
 ParOldGen       total 68608K, used 5101K [0x0000000080000000, 0x0000000084300000, 0x00000000d5580000)
  object space 68608K, 7% used [0x0000000080000000,0x00000000804fb460,0x0000000084300000)
 Metaspace       used 11581K, committed 11968K, reserved 1114112K
  class space    used 1229K, committed 1408K, reserved 1048576K
}
Event: 4.561 GC heap after
{Heap after GC invocations=4 (full 0):
 PSYoungGen      total 29696K, used 4087K [0x00000000d5580000, 0x00000000d7680000, 0x0000000100000000)
  eden space 25600K, 0% used [0x00000000d5580000,0x00000000d5580000,0x00000000d6e80000)
  from space 4096K, 99% used [0x00000000d7280000,0x00000000d767dcb8,0x00000000d7680000)
  to   space 4096K, 0% used [0x00000000d6e80000,0x00000000d6e80000,0x00000000d7280000)
 ParOldGen       total 68608K, used 6683K [0x0000000080000000, 0x0000000084300000, 0x00000000d5580000)
  object space 68608K, 9% used [0x0000000080000000,0x0000000080686e08,0x0000000084300000)
 Metaspace       used 11581K, committed 11968K, reserved 1114112K
  class space    used 1229K, committed 1408K, reserved 1048576K
}
Event: 5.345 GC heap before
{Heap before GC invocations=5 (full 0):
 PSYoungGen      total 29696K, used 29687K [0x00000000d5580000, 0x00000000d7680000, 0x0000000100000000)
  eden space 25600K, 100% used [0x00000000d5580000,0x00000000d6e80000,0x00000000d6e80000)
  from space 4096K, 99% used [0x00000000d7280000,0x00000000d767dcb8,0x00000000d7680000)
  to   space 4096K, 0% used [0x00000000d6e80000,0x00000000d6e80000,0x00000000d7280000)
 ParOldGen       total 68608K, used 6683K [0x0000000080000000, 0x0000000084300000, 0x00000000d5580000)
  object space 68608K, 9% used [0x0000000080000000,0x0000000080686e08,0x0000000084300000)
 Metaspace       used 14697K, committed 15232K, reserved 1114112K
  class space    used 1511K, committed 1728K, reserved 1048576K
}
Event: 5.348 GC heap after
{Heap after GC invocations=5 (full 0):
 PSYoungGen      total 29184K, used 4080K [0x00000000d5580000, 0x00000000d7900000, 0x0000000100000000)
  eden space 25088K, 0% used [0x00000000d5580000,0x00000000d5580000,0x00000000d6e00000)
  from space 4096K, 99% used [0x00000000d6e80000,0x00000000d727c0b8,0x00000000d7280000)
  to   space 5632K, 0% used [0x00000000d7380000,0x00000000d7380000,0x00000000d7900000)
 ParOldGen       total 68608K, used 7468K [0x0000000080000000, 0x0000000084300000, 0x00000000d5580000)
  object space 68608K, 10% used [0x0000000080000000,0x000000008074b2c0,0x0000000084300000)
 Metaspace       used 14697K, committed 15232K, reserved 1114112K
  class space    used 1511K, committed 1728K, reserved 1048576K
}
Event: 5.997 GC heap before
{Heap before GC invocations=6 (full 0):
 PSYoungGen      total 29184K, used 29168K [0x00000000d5580000, 0x00000000d7900000, 0x0000000100000000)
  eden space 25088K, 100% used [0x00000000d5580000,0x00000000d6e00000,0x00000000d6e00000)
  from space 4096K, 99% used [0x00000000d6e80000,0x00000000d727c0b8,0x00000000d7280000)
  to   space 5632K, 0% used [0x00000000d7380000,0x00000000d7380000,0x00000000d7900000)
 ParOldGen       total 68608K, used 7468K [0x0000000080000000, 0x0000000084300000, 0x00000000d5580000)
  object space 68608K, 10% used [0x0000000080000000,0x000000008074b2c0,0x0000000084300000)
 Metaspace       used 18225K, committed 18880K, reserved 1114112K
  class space    used 1904K, committed 2176K, reserved 1048576K
}
Event: 6.002 GC heap after
{Heap after GC invocations=6 (full 0):
 PSYoungGen      total 30208K, used 5256K [0x00000000d5580000, 0x00000000d7900000, 0x0000000100000000)
  eden space 24576K, 0% used [0x00000000d5580000,0x00000000d5580000,0x00000000d6d80000)
  from space 5632K, 93% used [0x00000000d7380000,0x00000000d78a2040,0x00000000d7900000)
  to   space 5632K, 0% used [0x00000000d6e00000,0x00000000d6e00000,0x00000000d7380000)
 ParOldGen       total 68608K, used 7476K [0x0000000080000000, 0x0000000084300000, 0x00000000d5580000)
  object space 68608K, 10% used [0x0000000080000000,0x000000008074d2c0,0x0000000084300000)
 Metaspace       used 18225K, committed 18880K, reserved 1114112K
  class space    used 1904K, committed 2176K, reserved 1048576K
}
Event: 6.449 GC heap before
{Heap before GC invocations=7 (full 0):
 PSYoungGen      total 30208K, used 29832K [0x00000000d5580000, 0x00000000d7900000, 0x0000000100000000)
  eden space 24576K, 100% used [0x00000000d5580000,0x00000000d6d80000,0x00000000d6d80000)
  from space 5632K, 93% used [0x00000000d7380000,0x00000000d78a2040,0x00000000d7900000)
  to   space 5632K, 0% used [0x00000000d6e00000,0x00000000d6e00000,0x00000000d7380000)
 ParOldGen       total 68608K, used 7476K [0x0000000080000000, 0x0000000084300000, 0x00000000d5580000)
  object space 68608K, 10% used [0x0000000080000000,0x000000008074d2c0,0x0000000084300000)
 Metaspace       used 20544K, committed 21376K, reserved 1114112K
  class space    used 2169K, committed 2496K, reserved 1048576K
}
Event: 6.454 GC heap after
{Heap after GC invocations=7 (full 0):
 PSYoungGen      total 29184K, used 4627K [0x00000000d5580000, 0x00000000d7700000, 0x0000000100000000)
  eden space 24064K, 0% used [0x00000000d5580000,0x00000000d5580000,0x00000000d6d00000)
  from space 5120K, 90% used [0x00000000d6e00000,0x00000000d7284cf8,0x00000000d7300000)
  to   space 4096K, 0% used [0x00000000d7300000,0x00000000d7300000,0x00000000d7700000)
 ParOldGen       total 68608K, used 9128K [0x0000000080000000, 0x0000000084300000, 0x00000000d5580000)
  object space 68608K, 13% used [0x0000000080000000,0x00000000808ea298,0x0000000084300000)
 Metaspace       used 20544K, committed 21376K, reserved 1114112K
  class space    used 2169K, committed 2496K, reserved 1048576K
}
Event: 6.494 GC heap before
{Heap before GC invocations=8 (full 0):
 PSYoungGen      total 29184K, used 6924K [0x00000000d5580000, 0x00000000d7700000, 0x0000000100000000)
  eden space 24064K, 9% used [0x00000000d5580000,0x00000000d57be490,0x00000000d6d00000)
  from space 5120K, 90% used [0x00000000d6e00000,0x00000000d7284cf8,0x00000000d7300000)
  to   space 4096K, 0% used [0x00000000d7300000,0x00000000d7300000,0x00000000d7700000)
 ParOldGen       total 68608K, used 9128K [0x0000000080000000, 0x0000000084300000, 0x00000000d5580000)
  object space 68608K, 13% used [0x0000000080000000,0x00000000808ea298,0x0000000084300000)
 Metaspace       used 20725K, committed 21504K, reserved 1114112K
  class space    used 2190K, committed 2496K, reserved 1048576K
}
Event: 6.497 GC heap after
{Heap after GC invocations=8 (full 0):
 PSYoungGen      total 28160K, used 4087K [0x00000000d5580000, 0x00000000d7700000, 0x0000000100000000)
  eden space 24064K, 0% used [0x00000000d5580000,0x00000000d5580000,0x00000000d6d00000)
  from space 4096K, 99% used [0x00000000d7300000,0x00000000d76fddb0,0x00000000d7700000)
  to   space 5120K, 0% used [0x00000000d6d00000,0x00000000d6d00000,0x00000000d7200000)
 ParOldGen       total 68608K, used 9609K [0x0000000080000000, 0x0000000084300000, 0x00000000d5580000)
  object space 68608K, 14% used [0x0000000080000000,0x0000000080962590,0x0000000084300000)
 Metaspace       used 20725K, committed 21504K, reserved 1114112K
  class space    used 2190K, committed 2496K, reserved 1048576K
}
Event: 6.497 GC heap before
{Heap before GC invocations=9 (full 1):
 PSYoungGen      total 28160K, used 4087K [0x00000000d5580000, 0x00000000d7700000, 0x0000000100000000)
  eden space 24064K, 0% used [0x00000000d5580000,0x00000000d5580000,0x00000000d6d00000)
  from space 4096K, 99% used [0x00000000d7300000,0x00000000d76fddb0,0x00000000d7700000)
  to   space 5120K, 0% used [0x00000000d6d00000,0x00000000d6d00000,0x00000000d7200000)
 ParOldGen       total 68608K, used 9609K [0x0000000080000000, 0x0000000084300000, 0x00000000d5580000)
  object space 68608K, 14% used [0x0000000080000000,0x0000000080962590,0x0000000084300000)
 Metaspace       used 20725K, committed 21504K, reserved 1114112K
  class space    used 2190K, committed 2496K, reserved 1048576K
}
Event: 6.536 GC heap after
{Heap after GC invocations=9 (full 1):
 PSYoungGen      total 28160K, used 0K [0x00000000d5580000, 0x00000000d7700000, 0x0000000100000000)
  eden space 24064K, 0% used [0x00000000d5580000,0x00000000d5580000,0x00000000d6d00000)
  from space 4096K, 0% used [0x00000000d7300000,0x00000000d7300000,0x00000000d7700000)
  to   space 5120K, 0% used [0x00000000d6d00000,0x00000000d6d00000,0x00000000d7200000)
 ParOldGen       total 68608K, used 13096K [0x0000000080000000, 0x0000000084300000, 0x00000000d5580000)
  object space 68608K, 19% used [0x0000000080000000,0x0000000080cca1f0,0x0000000084300000)
 Metaspace       used 20712K, committed 21504K, reserved 1114112K
  class space    used 2186K, committed 2496K, reserved 1048576K
}
Event: 6.820 GC heap before
{Heap before GC invocations=10 (full 1):
 PSYoungGen      total 28160K, used 24064K [0x00000000d5580000, 0x00000000d7700000, 0x0000000100000000)
  eden space 24064K, 100% used [0x00000000d5580000,0x00000000d6d00000,0x00000000d6d00000)
  from space 4096K, 0% used [0x00000000d7300000,0x00000000d7300000,0x00000000d7700000)
  to   space 5120K, 0% used [0x00000000d6d00000,0x00000000d6d00000,0x00000000d7200000)
 ParOldGen       total 68608K, used 13096K [0x0000000080000000, 0x0000000084300000, 0x00000000d5580000)
  object space 68608K, 19% used [0x0000000080000000,0x0000000080cca1f0,0x0000000084300000)
 Metaspace       used 23080K, committed 23872K, reserved 1114112K
  class space    used 2351K, committed 2688K, reserved 1048576K
}
Event: 6.822 GC heap after
{Heap after GC invocations=10 (full 1):
 PSYoungGen      total 24576K, used 688K [0x00000000d5580000, 0x00000000d7380000, 0x0000000100000000)
  eden space 23552K, 0% used [0x00000000d5580000,0x00000000d5580000,0x00000000d6c80000)
  from space 1024K, 67% used [0x00000000d6d00000,0x00000000d6dac360,0x00000000d6e00000)
  to   space 2560K, 0% used [0x00000000d7100000,0x00000000d7100000,0x00000000d7380000)
 ParOldGen       total 68608K, used 13096K [0x0000000080000000, 0x0000000084300000, 0x00000000d5580000)
  object space 68608K, 19% used [0x0000000080000000,0x0000000080cca1f0,0x0000000084300000)
 Metaspace       used 23080K, committed 23872K, reserved 1114112K
  class space    used 2351K, committed 2688K, reserved 1048576K
}
Event: 7.155 GC heap before
{Heap before GC invocations=11 (full 1):
 PSYoungGen      total 24576K, used 23469K [0x00000000d5580000, 0x00000000d7380000, 0x0000000100000000)
  eden space 23552K, 96% used [0x00000000d5580000,0x00000000d6bbf1e0,0x00000000d6c80000)
  from space 1024K, 67% used [0x00000000d6d00000,0x00000000d6dac360,0x00000000d6e00000)
  to   space 2560K, 0% used [0x00000000d7100000,0x00000000d7100000,0x00000000d7380000)
 ParOldGen       total 68608K, used 13096K [0x0000000080000000, 0x0000000084300000, 0x00000000d5580000)
  object space 68608K, 19% used [0x0000000080000000,0x0000000080cca1f0,0x0000000084300000)
 Metaspace       used 26382K, committed 27200K, reserved 1114112K
  class space    used 2610K, committed 2944K, reserved 1048576K
}
Event: 7.156 GC heap after
{Heap after GC invocations=11 (full 1):
 PSYoungGen      total 25088K, used 1693K [0x00000000d5580000, 0x00000000d7300000, 0x0000000100000000)
  eden space 23040K, 0% used [0x00000000d5580000,0x00000000d5580000,0x00000000d6c00000)
  from space 2048K, 82% used [0x00000000d7100000,0x00000000d72a77a8,0x00000000d7300000)
  to   space 2048K, 0% used [0x00000000d6f00000,0x00000000d6f00000,0x00000000d7100000)
 ParOldGen       total 68608K, used 13104K [0x0000000080000000, 0x0000000084300000, 0x00000000d5580000)
  object space 68608K, 19% used [0x0000000080000000,0x0000000080ccc1f0,0x0000000084300000)
 Metaspace       used 26382K, committed 27200K, reserved 1114112K
  class space    used 2610K, committed 2944K, reserved 1048576K
}
Event: 7.637 GC heap before
{Heap before GC invocations=12 (full 1):
 PSYoungGen      total 25088K, used 24733K [0x00000000d5580000, 0x00000000d7300000, 0x0000000100000000)
  eden space 23040K, 100% used [0x00000000d5580000,0x00000000d6c00000,0x00000000d6c00000)
  from space 2048K, 82% used [0x00000000d7100000,0x00000000d72a77a8,0x00000000d7300000)
  to   space 2048K, 0% used [0x00000000d6f00000,0x00000000d6f00000,0x00000000d7100000)
 ParOldGen       total 68608K, used 13104K [0x0000000080000000, 0x0000000084300000, 0x00000000d5580000)
  object space 68608K, 19% used [0x0000000080000000,0x0000000080ccc1f0,0x0000000084300000)
 Metaspace       used 28066K, committed 28928K, reserved 1114112K
  class space    used 2757K, committed 3136K, reserved 1048576K
}
Event: 7.641 GC heap after
{Heap after GC invocations=12 (full 1):
 PSYoungGen      total 24576K, used 1549K [0x00000000d5580000, 0x00000000d7180000, 0x0000000100000000)
  eden space 22528K, 0% used [0x00000000d5580000,0x00000000d5580000,0x00000000d6b80000)
  from space 2048K, 75% used [0x00000000d6f00000,0x00000000d7083510,0x00000000d7100000)
  to   space 512K, 0% used [0x00000000d7100000,0x00000000d7100000,0x00000000d7180000)
 ParOldGen       total 68608K, used 14620K [0x0000000080000000, 0x0000000084300000, 0x00000000d5580000)
  object space 68608K, 21% used [0x0000000080000000,0x0000000080e471f8,0x0000000084300000)
 Metaspace       used 28066K, committed 28928K, reserved 1114112K
  class space    used 2757K, committed 3136K, reserved 1048576K
}

Dll operation events (10 events):
Event: 0.012 Loaded shared library c:\Users\noora\.vscode\extensions\redhat.java-1.54.0-win32-x64\jre\21.0.10-win32-x86_64\bin\java.dll
Event: 0.064 Loaded shared library c:\Users\noora\.vscode\extensions\redhat.java-1.54.0-win32-x64\jre\21.0.10-win32-x86_64\bin\zip.dll
Event: 0.083 Loaded shared library C:\Users\noora\.vscode\extensions\redhat.java-1.54.0-win32-x64\jre\21.0.10-win32-x86_64\bin\instrument.dll
Event: 0.091 Loaded shared library C:\Users\noora\.vscode\extensions\redhat.java-1.54.0-win32-x64\jre\21.0.10-win32-x86_64\bin\net.dll
Event: 0.095 Loaded shared library C:\Users\noora\.vscode\extensions\redhat.java-1.54.0-win32-x64\jre\21.0.10-win32-x86_64\bin\nio.dll
Event: 0.097 Loaded shared library C:\Users\noora\.vscode\extensions\redhat.java-1.54.0-win32-x64\jre\21.0.10-win32-x86_64\bin\zip.dll
Event: 0.119 Loaded shared library C:\Users\noora\.vscode\extensions\redhat.java-1.54.0-win32-x64\jre\21.0.10-win32-x86_64\bin\jimage.dll
Event: 0.211 Loaded shared library c:\Users\noora\.vscode\extensions\redhat.java-1.54.0-win32-x64\jre\21.0.10-win32-x86_64\bin\verify.dll
Event: 1.802 Loaded shared library C:\Users\noora\AppData\Roaming\Code\User\globalStorage\redhat.java\1.54.0\config_win\org.eclipse.equinox.launcher\org.eclipse.equinox.launcher.win32.win32.x86_64_1.3.0.v20260203-2149\eclipse_11919.dll
Event: 5.744 Loaded shared library C:\Users\noora\AppData\Local\Temp\jna-105004413\jna14577292257468390456.dll

Deoptimization events (20 events):
Event: 7.711 Thread 0x0000024efce3b180 Uncommon trap: trap_request=0xffffff45 fr.pc=0x0000024eee6d78f4 relative=0x0000000000000434
Event: 7.711 Thread 0x0000024efce3b180 Uncommon trap: reason=unstable_if action=reinterpret pc=0x0000024eee6d78f4 method=java.lang.AbstractStringBuilder.isLatin1()Z @ 10 c2
Event: 7.711 Thread 0x0000024efce3b180 DEOPT PACKING pc=0x0000024eee6d78f4 sp=0x0000008a3ebfe6d0
Event: 7.711 Thread 0x0000024efce3b180 DEOPT UNPACKING pc=0x0000024eee0a3aa2 sp=0x0000008a3ebfe640 mode 2
Event: 7.712 Thread 0x0000024efd737110 Uncommon trap: trap_request=0xffffff45 fr.pc=0x0000024eee7dfe48 relative=0x0000000000000528
Event: 7.713 Thread 0x0000024efd737110 Uncommon trap: reason=unstable_if action=reinterpret pc=0x0000024eee7dfe48 method=org.eclipse.osgi.internal.loader.classpath.ClasspathEntry.findEntry(Ljava/lang/String;)Lorg/eclipse/osgi/storage/bundlefile/BundleEntry; @ 32 c2
Event: 7.713 Thread 0x0000024efd737110 DEOPT PACKING pc=0x0000024eee7dfe48 sp=0x0000008a3f1fbe50
Event: 7.713 Thread 0x0000024efd737110 DEOPT UNPACKING pc=0x0000024eee0a3aa2 sp=0x0000008a3f1fbdf8 mode 2
Event: 7.726 Thread 0x0000024efce3b180 Uncommon trap: trap_request=0xffffffc6 fr.pc=0x0000024eee6d6914 relative=0x0000000000000a94
Event: 7.726 Thread 0x0000024efce3b180 Uncommon trap: reason=bimorphic_or_optimized_type_check action=maybe_recompile pc=0x0000024eee6d6914 method=java.util.HashMap.putVal(ILjava/lang/Object;Ljava/lang/Object;ZZ)Ljava/lang/Object; @ 56 c2
Event: 7.726 Thread 0x0000024efce3b180 DEOPT PACKING pc=0x0000024eee6d6914 sp=0x0000008a3ebfdf40
Event: 7.726 Thread 0x0000024efce3b180 DEOPT UNPACKING pc=0x0000024eee0a3aa2 sp=0x0000008a3ebfde40 mode 2
Event: 7.726 Thread 0x0000024efce3b180 Uncommon trap: trap_request=0xffffffc6 fr.pc=0x0000024eee6d6914 relative=0x0000000000000a94
Event: 7.726 Thread 0x0000024efce3b180 Uncommon trap: reason=bimorphic_or_optimized_type_check action=maybe_recompile pc=0x0000024eee6d6914 method=java.util.HashMap.putVal(ILjava/lang/Object;Ljava/lang/Object;ZZ)Ljava/lang/Object; @ 56 c2
Event: 7.726 Thread 0x0000024efce3b180 DEOPT PACKING pc=0x0000024eee6d6914 sp=0x0000008a3ebfdf40
Event: 7.727 Thread 0x0000024efce3b180 DEOPT UNPACKING pc=0x0000024eee0a3aa2 sp=0x0000008a3ebfde40 mode 2
Event: 7.727 Thread 0x0000024efce3b180 Uncommon trap: trap_request=0xffffffc6 fr.pc=0x0000024eee6d6914 relative=0x0000000000000a94
Event: 7.727 Thread 0x0000024efce3b180 Uncommon trap: reason=bimorphic_or_optimized_type_check action=maybe_recompile pc=0x0000024eee6d6914 method=java.util.HashMap.putVal(ILjava/lang/Object;Ljava/lang/Object;ZZ)Ljava/lang/Object; @ 56 c2
Event: 7.728 Thread 0x0000024efce3b180 DEOPT PACKING pc=0x0000024eee6d6914 sp=0x0000008a3ebfdf40
Event: 7.728 Thread 0x0000024efce3b180 DEOPT UNPACKING pc=0x0000024eee0a3aa2 sp=0x0000008a3ebfde40 mode 2

Classes loaded (20 events):
Event: 7.814 Loading class java/util/concurrent/atomic/AtomicReferenceFieldUpdater$AtomicReferenceFieldUpdaterImpl$1
Event: 7.814 Loading class java/util/concurrent/atomic/AtomicReferenceFieldUpdater$AtomicReferenceFieldUpdaterImpl$1 done
Event: 7.819 Loading class java/util/DualPivotQuicksort
Event: 7.820 Loading class java/util/DualPivotQuicksort done
Event: 7.832 Loading class java/lang/Character$UnicodeBlock
Event: 7.835 Loading class java/lang/Character$Subset
Event: 7.835 Loading class java/lang/Character$Subset done
Event: 7.835 Loading class java/lang/Character$UnicodeBlock done
Event: 7.939 Loading class java/lang/StringIndexOutOfBoundsException
Event: 7.939 Loading class java/lang/StringIndexOutOfBoundsException done
Event: 7.963 Loading class sun/nio/fs/WindowsPath$1
Event: 7.963 Loading class sun/nio/fs/WindowsPath$1 done
Event: 8.097 Loading class java/util/ResourceBundle$ResourceBundleControlProviderHolder
Event: 8.097 Loading class java/util/ResourceBundle$ResourceBundleControlProviderHolder done
Event: 8.098 Loading class java/util/spi/ResourceBundleControlProvider
Event: 8.098 Loading class java/util/spi/ResourceBundleControlProvider done
Event: 8.098 Loading class java/util/ServiceLoader$ProviderSpliterator
Event: 8.099 Loading class java/util/ServiceLoader$ProviderSpliterator done
Event: 8.103 Loading class java/util/ResourceBundle$Control$2
Event: 8.105 Loading class java/util/ResourceBundle$Control$2 done

Classes unloaded (7 events):
Event: 6.503 Thread 0x0000024ee16aeb80 Unloading class 0x0000024e811ab000 'java/lang/invoke/LambdaForm$MH+0x0000024e811ab000'
Event: 6.503 Thread 0x0000024ee16aeb80 Unloading class 0x0000024e811aac00 'java/lang/invoke/LambdaForm$MH+0x0000024e811aac00'
Event: 6.503 Thread 0x0000024ee16aeb80 Unloading class 0x0000024e811aa800 'java/lang/invoke/LambdaForm$MH+0x0000024e811aa800'
Event: 6.503 Thread 0x0000024ee16aeb80 Unloading class 0x0000024e811aa400 'java/lang/invoke/LambdaForm$MH+0x0000024e811aa400'
Event: 6.503 Thread 0x0000024ee16aeb80 Unloading class 0x0000024e811aa000 'java/lang/invoke/LambdaForm$BMH+0x0000024e811aa000'
Event: 6.503 Thread 0x0000024ee16aeb80 Unloading class 0x0000024e811a9c00 'java/lang/invoke/LambdaForm$DMH+0x0000024e811a9c00'
Event: 6.503 Thread 0x0000024ee16aeb80 Unloading class 0x0000024e811a8800 'java/lang/invoke/LambdaForm$DMH+0x0000024e811a8800'

Classes redefined (0 events):
No events

Internal exceptions (20 events):
Event: 7.031 Thread 0x0000024efce3b180 Implicit null exception at 0x0000024eee7c0cf5 to 0x0000024eee7c0dd0
Event: 7.197 Thread 0x0000024efce3b180 Exception <a 'java/io/FileNotFoundException'{0x00000000d608cf48}> (0x00000000d608cf48) 
thrown [s\src\hotspot\share\prims\jni.cpp, line 520]
Event: 7.197 Thread 0x0000024efce3b180 Exception <a 'java/io/FileNotFoundException'{0x00000000d608df40}> (0x00000000d608df40) 
thrown [s\src\hotspot\share\prims\jni.cpp, line 520]
Event: 7.531 Thread 0x0000024efd737110 Exception <a 'java/lang/NoSuchMethodError'{0x00000000d69d20d8}: 'java.lang.Object java.lang.invoke.DirectMethodHandle$Holder.invokeStaticInit(java.lang.Object, java.lang.Object, java.lang.Object, java.lang.Object, java.lang.Object, java.lang.Object, java.lang.Object)'> (0x00000000d69d20d8) 
thrown [s\src\hotspot\share\interpreter\linkResolver.cpp, line 773]
Event: 7.533 Thread 0x0000024efd737110 Exception <a 'java/lang/NoSuchMethodError'{0x00000000d69d68b0}: 'java.lang.Object java.lang.invoke.Invokers$Holder.invoke_MT(java.lang.Object, java.lang.Object, java.lang.Object, java.lang.Object, java.lang.Object, java.lang.Object, java.lang.Object, java.lang.Object, java.lang.Object)'> (0x00000000d69d68b0) 
thrown [s\src\hotspot\share\interpreter\linkResolver.cpp, line 773]
Event: 7.552 Thread 0x0000024efd737110 Exception <a 'java/lang/NoSuchMethodError'{0x00000000d6a2d868}: 'int java.lang.invoke.DirectMethodHandle$Holder.invokeVirtual(java.lang.Object, java.lang.Object, java.lang.Object)'> (0x00000000d6a2d868) 
thrown [s\src\hotspot\share\interpreter\linkResolver.cpp, line 773]
Event: 7.553 Thread 0x0000024efd737110 Exception <a 'java/lang/NoSuchMethodError'{0x00000000d6a317e0}: 'int java.lang.invoke.DirectMethodHandle$Holder.invokeStaticInit(java.lang.Object, int, int)'> (0x00000000d6a317e0) 
thrown [s\src\hotspot\share\interpreter\linkResolver.cpp, line 773]
Event: 7.556 Thread 0x0000024efd737110 Exception <a 'java/lang/NoSuchMethodError'{0x00000000d6a38da0}: 'int java.lang.invoke.DirectMethodHandle$Holder.invokeStaticInit(java.lang.Object, long, long)'> (0x00000000d6a38da0) 
thrown [s\src\hotspot\share\interpreter\linkResolver.cpp, line 773]
Event: 7.557 Thread 0x0000024efd737110 Exception <a 'java/lang/NoSuchMethodError'{0x00000000d6a3f9a8}: 'int java.lang.invoke.DirectMethodHandle$Holder.invokeStaticInit(java.lang.Object, float, float)'> (0x00000000d6a3f9a8) 
thrown [s\src\hotspot\share\interpreter\linkResolver.cpp, line 773]
Event: 7.559 Thread 0x0000024efd737110 Exception <a 'java/lang/NoSuchMethodError'{0x00000000d6ab3200}: 'int java.lang.invoke.DirectMethodHandle$Holder.invokeStaticInit(java.lang.Object, double, double)'> (0x00000000d6ab3200) 
thrown [s\src\hotspot\share\interpreter\linkResolver.cpp, line 773]
Event: 7.559 Thread 0x0000024efd737110 Exception <a 'java/lang/NoSuchMethodError'{0x00000000d6ab75f8}: 'int java.lang.invoke.DirectMethodHandle$Holder.invokeStatic(java.lang.Object, long)'> (0x00000000d6ab75f8) 
thrown [s\src\hotspot\share\interpreter\linkResolver.cpp, line 773]
Event: 7.562 Thread 0x0000024efce3b180 Exception <a 'java/lang/ClassNotFoundException'{0x00000000d6a632b8}: com/sun/org/apache/xerces/internal/impl/msg/spi/DOMMessagesProvider> (0x00000000d6a632b8) 
thrown [s\src\hotspot\share\classfile\systemDictionary.cpp, line 312]
Event: 7.568 Thread 0x0000024efce3b180 Exception <a 'java/lang/ClassNotFoundException'{0x00000000d6a74a70}: com/sun/org/apache/xerces/internal/impl/msg/spi/XMLSerializerMessagesProvider> (0x00000000d6a74a70) 
thrown [s\src\hotspot\share\classfile\systemDictionary.cpp, line 312]
Event: 7.579 Thread 0x0000024efd737110 Exception <a 'java/lang/NoSuchMethodError'{0x00000000d6add490}: 'int java.lang.invoke.Invokers$Holder.linkToTargetMethod(java.lang.Object, java.lang.Object)'> (0x00000000d6add490) 
thrown [s\src\hotspot\share\interpreter\linkResolver.cpp, line 773]
Event: 7.582 Thread 0x0000024efce3b180 Exception <a 'java/lang/ClassNotFoundException'{0x00000000d6a81d90}: com/sun/org/apache/xerces/internal/impl/msg/spi/XMLMessagesProvider> (0x00000000d6a81d90) 
thrown [s\src\hotspot\share\classfile\systemDictionary.cpp, line 312]
Event: 7.588 Thread 0x0000024efd7377a0 Exception <a 'java/lang/NoSuchMethodError'{0x00000000d6b01bd0}: 'int java.lang.invoke.DirectMethodHandle$Holder.invokeSpecial(java.lang.Object, java.lang.Object, java.lang.Object, java.lang.Object)'> (0x00000000d6b01bd0) 
thrown [s\src\hotspot\share\interpreter\linkResolver.cpp, line 773]
Event: 7.593 Thread 0x0000024efd7377a0 Exception <a 'java/lang/NoSuchMethodError'{0x00000000d6b84798}: 'java.lang.Object java.lang.invoke.DirectMethodHandle$Holder.invokeStatic(java.lang.Object, int, java.lang.Object, java.lang.Object)'> (0x00000000d6b84798) 
thrown [s\src\hotspot\share\interpreter\linkResolver.cpp, line 773]
Event: 7.595 Thread 0x0000024efd7377a0 Exception <a 'java/lang/NoSuchMethodError'{0x00000000d6b90660}: 'java.lang.Object java.lang.invoke.DelegatingMethodHandle$Holder.delegate(java.lang.Object, int, java.lang.Object, java.lang.Object)'> (0x00000000d6b90660) 
thrown [s\src\hotspot\share\interpreter\linkResolver.cpp, line 773]
Event: 7.608 Thread 0x0000024efd7377a0 Exception <a 'java/lang/NoSuchMethodError'{0x00000000d6bac330}: 'int java.lang.invoke.Invokers$Holder.linkToTargetMethod(java.lang.Object, java.lang.Object, java.lang.Object)'> (0x00000000d6bac330) 
thrown [s\src\hotspot\share\interpreter\linkResolver.cpp, line 773]
Event: 7.746 Thread 0x0000024efd737110 Exception <a 'java/lang/NoSuchMethodError'{0x00000000d587abb8}: 'java.lang.Object java.lang.invoke.DirectMethodHandle$Holder.invokeSpecialIFC(java.lang.Object, java.lang.Object, java.lang.Object, java.lang.Object)'> (0x00000000d587abb8) 
thrown [s\src\hotspot\share\interpreter\linkResolver.cpp, line 773]

ZGC Phase Switch (0 events):
No events

VM Operations (20 events):
Event: 5.985 Executing non-safepoint VM operation: HandshakeAllThreads (Deoptimize)
Event: 5.985 Executing non-safepoint VM operation: HandshakeAllThreads (Deoptimize) done
Event: 5.992 Executing non-safepoint VM operation: HandshakeAllThreads (Deoptimize)
Event: 5.992 Executing non-safepoint VM operation: HandshakeAllThreads (Deoptimize) done
Event: 5.997 Executing safepoint VM operation: ParallelGCFailedAllocation (Allocation Failure)
Event: 6.002 Executing safepoint VM operation: ParallelGCFailedAllocation (Allocation Failure) done
Event: 6.449 Executing safepoint VM operation: ParallelGCFailedAllocation (Allocation Failure)
Event: 6.454 Executing safepoint VM operation: ParallelGCFailedAllocation (Allocation Failure) done
Event: 6.494 Executing safepoint VM operation: CollectForMetadataAllocation (Metadata GC Threshold)
Event: 6.536 Executing safepoint VM operation: CollectForMetadataAllocation (Metadata GC Threshold) done
Event: 6.820 Executing safepoint VM operation: ParallelGCFailedAllocation (Allocation Failure)
Event: 6.822 Executing safepoint VM operation: ParallelGCFailedAllocation (Allocation Failure) done
Event: 7.155 Executing safepoint VM operation: ParallelGCFailedAllocation (Allocation Failure)
Event: 7.156 Executing safepoint VM operation: ParallelGCFailedAllocation (Allocation Failure) done
Event: 7.604 Executing non-safepoint VM operation: HandshakeAllThreads (Deoptimize)
Event: 7.604 Executing non-safepoint VM operation: HandshakeAllThreads (Deoptimize) done
Event: 7.623 Executing safepoint VM operation: ParallelGCFailedAllocation (Allocation Failure)
Event: 7.641 Executing safepoint VM operation: ParallelGCFailedAllocation (Allocation Failure) done
Event: 7.723 Executing non-safepoint VM operation: HandshakeAllThreads (Deoptimize)
Event: 7.723 Executing non-safepoint VM operation: HandshakeAllThreads (Deoptimize) done

Memory protections (0 events):
No events

Nmethod flushes (0 events):
No events

Events (20 events):
Event: 0.338 Thread 0x0000024ee3923100 Thread added: 0x0000024efb97e2c0
Event: 1.518 Thread 0x0000024ee3923100 Thread added: 0x0000024efcf4f100
Event: 1.792 Thread 0x0000024ee3923100 Thread added: 0x0000024efce05280
Event: 1.830 Thread 0x0000024efce05280 Thread added: 0x0000024efce3a740
Event: 1.832 Thread 0x0000024ee3923100 Thread added: 0x0000024efce3b180
Event: 2.258 Thread 0x0000024efce3b180 Thread added: 0x0000024efd2575b0
Event: 2.589 Thread 0x0000024efb8a0e50 Thread exited: 0x0000024efb8a0e50
Event: 2.697 Thread 0x0000024efb7c19b0 Thread exited: 0x0000024efb7c19b0
Event: 4.519 Thread 0x0000024efce3b180 Thread added: 0x0000024efd73d4f0
Event: 4.813 Thread 0x0000024ee39d0c50 Thread added: 0x0000024efcefd9b0
Event: 5.239 Thread 0x0000024efce3b180 Thread added: 0x0000024efd1eaac0
Event: 5.777 Thread 0x0000024efce3b180 Thread added: 0x0000024efd7384c0
Event: 5.834 Thread 0x0000024efce3b180 Thread added: 0x0000024efd737110
Event: 5.864 Thread 0x0000024efce3b180 Thread added: 0x0000024efd7377a0
Event: 6.871 Thread 0x0000024efcefd9b0 Thread exited: 0x0000024efcefd9b0
Event: 7.270 Thread 0x0000024ee39d0c50 Thread added: 0x0000024efce00090
Event: 7.270 Thread 0x0000024ee39d0c50 Thread added: 0x0000024efccb5f60
Event: 7.546 Thread 0x0000024efd7377a0 Thread added: 0x0000024efd4d54d0
Event: 7.660 Thread 0x0000024efce3b180 Thread added: 0x0000024efd4d2d70
Event: 7.661 Thread 0x0000024efd4d54d0 Thread added: 0x0000024efd4d4e40


Dynamic libraries:
0x00007ff613550000 - 0x00007ff61355e000 	c:\Users\noora\.vscode\extensions\redhat.java-1.54.0-win32-x64\jre\21.0.10-win32-x86_64\bin\java.exe
0x00007fffc9220000 - 0x00007fffc9487000 	C:\WINDOWS\SYSTEM32\ntdll.dll
0x00007fffc71d0000 - 0x00007fffc7299000 	C:\WINDOWS\System32\KERNEL32.DLL
0x00007fffc5d30000 - 0x00007fffc6121000 	C:\WINDOWS\System32\KERNELBASE.dll
0x00007fffc6380000 - 0x00007fffc64cb000 	C:\WINDOWS\System32\ucrtbase.dll
0x00007fff9ee50000 - 0x00007fff9ee6e000 	c:\Users\noora\.vscode\extensions\redhat.java-1.54.0-win32-x64\jre\21.0.10-win32-x86_64\bin\VCRUNTIME140.dll
0x00007fff71f80000 - 0x00007fff71f98000 	c:\Users\noora\.vscode\extensions\redhat.java-1.54.0-win32-x64\jre\21.0.10-win32-x86_64\bin\jli.dll
0x00007fffc7450000 - 0x00007fffc7615000 	C:\WINDOWS\System32\USER32.dll
0x00007fffc6350000 - 0x00007fffc6377000 	C:\WINDOWS\System32\win32u.dll
0x00007fffa2730000 - 0x00007fffa29c3000 	C:\WINDOWS\WinSxS\amd64_microsoft.windows.common-controls_6595b64144ccf1df_6.0.26100.8037_none_3e092faae333b53b\COMCTL32.dll
0x00007fffc7320000 - 0x00007fffc734b000 	C:\WINDOWS\System32\GDI32.dll
0x00007fffc7120000 - 0x00007fffc71c9000 	C:\WINDOWS\System32\msvcrt.dll
0x00007fffc64d0000 - 0x00007fffc65fb000 	C:\WINDOWS\System32\gdi32full.dll
0x00007fffc6130000 - 0x00007fffc61d3000 	C:\WINDOWS\System32\msvcp_win.dll
0x00007fffc8980000 - 0x00007fffc89b1000 	C:\WINDOWS\System32\IMM32.DLL
0x00007fffc0910000 - 0x00007fffc091c000 	c:\Users\noora\.vscode\extensions\redhat.java-1.54.0-win32-x64\jre\21.0.10-win32-x86_64\bin\vcruntime140_1.dll
0x00007fff07ac0000 - 0x00007fff07b4d000 	c:\Users\noora\.vscode\extensions\redhat.java-1.54.0-win32-x64\jre\21.0.10-win32-x86_64\bin\msvcp140.dll
0x00007ffeab630000 - 0x00007ffeac3d1000 	c:\Users\noora\.vscode\extensions\redhat.java-1.54.0-win32-x64\jre\21.0.10-win32-x86_64\bin\server\jvm.dll
0x00007fffc9120000 - 0x00007fffc91db000 	C:\WINDOWS\System32\ADVAPI32.dll
0x00007fffc9070000 - 0x00007fffc9117000 	C:\WINDOWS\System32\sechost.dll
0x00007fffc7f50000 - 0x00007fffc8068000 	C:\WINDOWS\System32\RPCRT4.dll
0x00007fffc8070000 - 0x00007fffc80e4000 	C:\WINDOWS\System32\WS2_32.dll
0x00007fffc1620000 - 0x00007fffc1655000 	C:\WINDOWS\SYSTEM32\WINMM.dll
0x00007fffb3b00000 - 0x00007fffb3b0b000 	C:\WINDOWS\SYSTEM32\VERSION.dll
0x00007fffc5960000 - 0x00007fffc59be000 	C:\WINDOWS\SYSTEM32\POWRPROF.dll
0x00007fffc5940000 - 0x00007fffc5954000 	C:\WINDOWS\SYSTEM32\UMPDC.dll
0x00007fffc4890000 - 0x00007fffc48ab000 	C:\WINDOWS\SYSTEM32\kernel.appcore.dll
0x00007fff9ed80000 - 0x00007fff9ed8a000 	c:\Users\noora\.vscode\extensions\redhat.java-1.54.0-win32-x64\jre\21.0.10-win32-x86_64\bin\jimage.dll
0x00007fffc3930000 - 0x00007fffc3b72000 	C:\WINDOWS\SYSTEM32\DBGHELP.DLL
0x00007fffc8c60000 - 0x00007fffc8fe2000 	C:\WINDOWS\System32\combase.dll
0x00007fffc7e70000 - 0x00007fffc7f47000 	C:\WINDOWS\System32\OLEAUT32.dll
0x00007fffa07a0000 - 0x00007fffa07db000 	C:\WINDOWS\SYSTEM32\dbgcore.DLL
0x00007fffc5c80000 - 0x00007fffc5d25000 	C:\WINDOWS\System32\bcryptPrimitives.dll
0x00007fffc0920000 - 0x00007fffc092f000 	c:\Users\noora\.vscode\extensions\redhat.java-1.54.0-win32-x64\jre\21.0.10-win32-x86_64\bin\instrument.dll
0x00007fff68c40000 - 0x00007fff68c60000 	c:\Users\noora\.vscode\extensions\redhat.java-1.54.0-win32-x64\jre\21.0.10-win32-x86_64\bin\java.dll
0x00007fffc7700000 - 0x00007fffc7e5f000 	C:\WINDOWS\System32\SHELL32.dll
0x00007fffc61e0000 - 0x00007fffc634a000 	C:\WINDOWS\System32\wintypes.dll
0x00007fffc6600000 - 0x00007fffc6e64000 	C:\WINDOWS\System32\windows.storage.dll
0x00007fffc7350000 - 0x00007fffc7447000 	C:\WINDOWS\System32\SHCORE.dll
0x00007fffc89c0000 - 0x00007fffc8a27000 	C:\WINDOWS\System32\shlwapi.dll
0x00007fffc5a20000 - 0x00007fffc5a49000 	C:\WINDOWS\SYSTEM32\profapi.dll
0x00007fff685d0000 - 0x00007fff685e8000 	c:\Users\noora\.vscode\extensions\redhat.java-1.54.0-win32-x64\jre\21.0.10-win32-x86_64\bin\zip.dll
0x00007fff9cd00000 - 0x00007fff9cd10000 	C:\Users\noora\.vscode\extensions\redhat.java-1.54.0-win32-x64\jre\21.0.10-win32-x86_64\bin\net.dll
0x00007fffbd6e0000 - 0x00007fffbd807000 	C:\WINDOWS\SYSTEM32\WINHTTP.dll
0x00007fffc4e00000 - 0x00007fffc4e6b000 	C:\WINDOWS\system32\mswsock.dll
0x00007fff685f0000 - 0x00007fff68606000 	C:\Users\noora\.vscode\extensions\redhat.java-1.54.0-win32-x64\jre\21.0.10-win32-x86_64\bin\nio.dll
0x00007fff981a0000 - 0x00007fff981b0000 	c:\Users\noora\.vscode\extensions\redhat.java-1.54.0-win32-x64\jre\21.0.10-win32-x86_64\bin\verify.dll
0x00007fff1f9d0000 - 0x00007fff1fa15000 	C:\Users\noora\AppData\Roaming\Code\User\globalStorage\redhat.java\1.54.0\config_win\org.eclipse.equinox.launcher\org.eclipse.equinox.launcher.win32.win32.x86_64_1.3.0.v20260203-2149\eclipse_11919.dll
0x00007fffc8a30000 - 0x00007fffc8bc5000 	C:\WINDOWS\System32\ole32.dll
0x00007fffc50e0000 - 0x00007fffc50fb000 	C:\WINDOWS\SYSTEM32\CRYPTSP.dll
0x00007fffc47f0000 - 0x00007fffc4829000 	C:\WINDOWS\system32\rsaenh.dll
0x00007fffc4eb0000 - 0x00007fffc4ee2000 	C:\WINDOWS\SYSTEM32\USERENV.dll
0x00007fffc59f0000 - 0x00007fffc5a1a000 	C:\WINDOWS\SYSTEM32\bcrypt.dll
0x00007fffc5100000 - 0x00007fffc510c000 	C:\WINDOWS\SYSTEM32\CRYPTBASE.dll
0x00007fffc4260000 - 0x00007fffc4293000 	C:\WINDOWS\SYSTEM32\IPHLPAPI.DLL
0x00007fffc8150000 - 0x00007fffc815a000 	C:\WINDOWS\System32\NSI.dll
0x00007fff183f0000 - 0x00007fff18439000 	C:\Users\noora\AppData\Local\Temp\jna-105004413\jna14577292257468390456.dll
0x00007fffc8300000 - 0x00007fffc8308000 	C:\WINDOWS\System32\PSAPI.DLL

JVMTI agents:
c:\Users\noora\.vscode\extensions\redhat.java-1.54.0-win32-x64\lombok\lombok-1.18.39-4050.jar path:c:\Users\noora\.vscode\extensions\redhat.java-1.54.0-win32-x64\jre\21.0.10-win32-x86_64\bin\instrument.dll, loaded, initialized, instrumentlib options:none

dbghelp: loaded successfully - version: 4.0.5 - missing functions: none
symbol engine: initialized successfully - sym options: 0x614 - pdb path: .;c:\Users\noora\.vscode\extensions\redhat.java-1.54.0-win32-x64\jre\21.0.10-win32-x86_64\bin;C:\WINDOWS\SYSTEM32;C:\WINDOWS\WinSxS\amd64_microsoft.windows.common-controls_6595b64144ccf1df_6.0.26100.8037_none_3e092faae333b53b;c:\Users\noora\.vscode\extensions\redhat.java-1.54.0-win32-x64\jre\21.0.10-win32-x86_64\bin\server;C:\Users\noora\AppData\Roaming\Code\User\globalStorage\redhat.java\1.54.0\config_win\org.eclipse.equinox.launcher\org.eclipse.equinox.launcher.win32.win32.x86_64_1.3.0.v20260203-2149;C:\Users\noora\AppData\Local\Temp\jna-105004413

VM Arguments:
jvm_args: --add-modules=ALL-SYSTEM --add-opens=java.base/java.util=ALL-UNNAMED --add-opens=java.base/java.lang=ALL-UNNAMED --add-opens=java.base/sun.nio.fs=ALL-UNNAMED -Declipse.application=org.eclipse.jdt.ls.core.id1 -Dosgi.bundles.defaultStartLevel=4 -Declipse.product=org.eclipse.jdt.ls.core.product -Djava.import.generatesMetadataFilesAtProjectRoot=false -DDetectVMInstallationsJob.disabled=true -Dfile.encoding=utf8 -XX:+UseParallelGC -XX:GCTimeRatio=4 -XX:AdaptiveSizePolicyWeight=90 -Dsun.zip.disableMemoryMapping=true -Xmx2G -Xms100m -Xlog:disable -javaagent:c:\Users\noora\.vscode\extensions\redhat.java-1.54.0-win32-x64\lombok\lombok-1.18.39-4050.jar -XX:+HeapDumpOnOutOfMemoryError -XX:HeapDumpPath=c:\Users\noora\AppData\Roaming\Code\User\workspaceStorage\d060818fc9a2ccecc94454c2295717ac\redhat.java -Daether.dependencyCollector.impl=bf 
java_command: c:\Users\noora\.vscode\extensions\redhat.java-1.54.0-win32-x64\server\plugins\org.eclipse.equinox.launcher_1.7.100.v20251111-0406.jar -configuration c:\Users\noora\AppData\Roaming\Code\User\globalStorage\redhat.java\1.54.0\config_win -data c:\Users\noora\AppData\Roaming\Code\User\workspaceStorage\d060818fc9a2ccecc94454c2295717ac\redhat.java\jdt_ws --pipe=\\.\pipe\lsp-fc51bcf4462c6362e50ada22cb4f6aff-sock
java_class_path (initial): c:\Users\noora\.vscode\extensions\redhat.java-1.54.0-win32-x64\server\plugins\org.eclipse.equinox.launcher_1.7.100.v20251111-0406.jar
Launcher Type: SUN_STANDARD

[Global flags]
    uintx AdaptiveSizePolicyWeight                 = 90                                        {product} {command line}
     intx CICompilerCount                          = 4                                         {product} {ergonomic}
    uintx GCTimeRatio                              = 4                                         {product} {command line}
     bool HeapDumpOnOutOfMemoryError               = true                                   {manageable} {command line}
    ccstr HeapDumpPath                             = c:\Users\noora\AppData\Roaming\Code\User\workspaceStorage\d060818fc9a2ccecc94454c2295717ac\redhat.java         {manageable} {command line}
   size_t InitialHeapSize                          = 104857600                                 {product} {command line}
   size_t MaxHeapSize                              = 2147483648                                {product} {command line}
   size_t MaxNewSize                               = 715653120                                 {product} {ergonomic}
   size_t MinHeapDeltaBytes                        = 524288                                    {product} {ergonomic}
   size_t MinHeapSize                              = 104857600                                 {product} {command line}
   size_t NewSize                                  = 34603008                                  {product} {ergonomic}
    uintx NonNMethodCodeHeapSize                   = 5839372                                {pd product} {ergonomic}
    uintx NonProfiledCodeHeapSize                  = 122909434                              {pd product} {ergonomic}
   size_t OldSize                                  = 70254592                                  {product} {ergonomic}
    uintx ProfiledCodeHeapSize                     = 122909434                              {pd product} {ergonomic}
    uintx ReservedCodeCacheSize                    = 251658240                              {pd product} {ergonomic}
     bool SegmentedCodeCache                       = true                                      {product} {ergonomic}
   size_t SoftMaxHeapSize                          = 2147483648                             {manageable} {ergonomic}
     bool UseCompressedOops                        = true                           {product lp64_product} {ergonomic}
     bool UseLargePagesIndividualAllocation        = false                                  {pd product} {ergonomic}
     bool UseParallelGC                            = true                                      {product} {command line}

Logging:
Log output configuration:
 #0: stdout all=off uptime,level,tags foldmultilines=false
 #1: stderr all=off uptime,level,tags foldmultilines=false

Release file:
JAVA_VERSION="21.0.10" 
MODULES="java.base java.compiler java.datatransfer java.xml java.prefs java.desktop java.instrument java.logging java.management java.security.sasl java.naming java.rmi java.management.rmi java.net.http java.scripting java.security.jgss java.transaction.xa java.sql java.sql.rowset java.xml.crypto java.se java.smartcardio jdk.accessibility jdk.internal.jvmstat jdk.attach jdk.charsets jdk.internal.opt jdk.zipfs jdk.compiler jdk.crypto.ec jdk.crypto.cryptoki jdk.crypto.mscapi jdk.dynalink jdk.internal.ed jdk.editpad jdk.hotspot.agent jdk.httpserver jdk.internal.le jdk.internal.vm.ci jdk.internal.vm.compiler jdk.internal.vm.compiler.management jdk.jartool jdk.javadoc jdk.jcmd jdk.management jdk.management.agent jdk.jconsole jdk.jdeps jdk.jdwp.agent jdk.jdi jdk.jfr jdk.jshell jdk.jsobject jdk.jstatd jdk.localedata jdk.management.jfr jdk.naming.dns jdk.naming.rmi jdk.net jdk.nio.mapmode jdk.random jdk.sctp jdk.security.auth jdk.security.jgss jdk.unsupported jdk.unsupported.desktop jdk.xml.dom" 

Environment Variables:
JAVA_HOME=C:\Program Files\Java\jdk-21
PATH=C:\Users\noora\AppData\Local\Programs\Microsoft VS Code;C:\Program Files\Microsoft SDKs\Azure\CLI2\wbin;C:\Program Files\Common Files\Oracle\Java\javapath;C:\Program Files (x86)\Common Files\Oracle\Java\javapath;C:\WINDOWS\system32;C:\WINDOWS;C:\WINDOWS\System32\Wbem;C:\WINDOWS\System32\WindowsPowerShell\v1.0\;C:\WINDOWS\System32\OpenSSH\;C:\Program Files\Java\jdk-21\bin;C:\Program Files (x86)\Microsoft SQL Server\160\DTS\Binn\;C:\Program Files (x86)\Microsoft SQL Server\160\Tools\Binn\;C:\Program Files\Microsoft SQL Server\160\Tools\Binn\;C:\Program Files\Microsoft SQL Server\Client SDK\ODBC\170\Tools\Binn\;C:\Program Files\Microsoft SQL Server\160\DTS\Binn\;C:\ProgramData\chocolatey\bin;C:\Program Files\cursor\resources\app\bin;C:\Program Files\nodejs\;C:\Program Files\Git\cmd;C:\Program Files\Docker\Docker\resources\bin;C:\Program Files\Amazon\AWSCLIV2\;C:\Users\noora\AppData\Local\Programs\Python\Python311\Scripts\;C:\Users\noora\AppData\Local\Programs\Python\Python311\;C:\Users\noora\.cargo\bin;C:\Users\noora\AppData\Local\Microsoft\WindowsApps;C:\Users\noora\AppData\Local\GitHubDesktop\bin;C:\Users\noora\AppData\Local\Python\bin;C:\Users\noora\AppData\Local\Programs\Microsoft VS Code\bin;C:\Users\noora\AppData\Roaming\npm;C:\Users\noora\AppData\Local\Programs\cursor\resources\app\bin;C:\Users\noora\AppData\Local\Microsoft\WinGet\Links;
USERNAME=noora
OS=Windows_NT
PROCESSOR_IDENTIFIER=Intel64 Family 6 Model 154 Stepping 4, GenuineIntel
TMP=C:\Users\noora\AppData\Local\Temp
TEMP=C:\Users\noora\AppData\Local\Temp




Periodic native trim disabled

---------------  S Y S T E M  ---------------

OS:
 Windows 11 , 64 bit Build 26100 (10.0.26100.7920)
OS uptime: 0 days 1:04 hours
Hyper-V role detected

CPU: total 12 (initial active 12) (6 cores per cpu, 2 threads per core) family 6 model 154 stepping 4 microcode 0x435, cx8, cmov, fxsr, ht, mmx, 3dnowpref, sse, sse2, sse3, ssse3, sse4.1, sse4.2, popcnt, lzcnt, tsc, tscinvbit, avx, avx2, aes, erms, clmul, bmi1, bmi2, adx, sha, fma, vzeroupper, clflush, clflushopt, clwb, hv, serialize, rdtscp, rdpid, fsrm, f16c, cet_ibt, cet_ss
Processor Information for processor 0
  Max Mhz: 1300, Current Mhz: 1300, Mhz Limit: 1300
Processor Information for processor 1
  Max Mhz: 1300, Current Mhz: 1300, Mhz Limit: 1300
Processor Information for processor 2
  Max Mhz: 1300, Current Mhz: 1300, Mhz Limit: 1300
Processor Information for processor 3
  Max Mhz: 1300, Current Mhz: 1300, Mhz Limit: 1300
Processor Information for processor 4
  Max Mhz: 1300, Current Mhz: 900, Mhz Limit: 897
Processor Information for processor 5
  Max Mhz: 1300, Current Mhz: 900, Mhz Limit: 897
Processor Information for processor 6
  Max Mhz: 1300, Current Mhz: 900, Mhz Limit: 897
Processor Information for processor 7
  Max Mhz: 1300, Current Mhz: 900, Mhz Limit: 897
Processor Information for processor 8
  Max Mhz: 1300, Current Mhz: 900, Mhz Limit: 897
Processor Information for processor 9
  Max Mhz: 1300, Current Mhz: 900, Mhz Limit: 897
Processor Information for processor 10
  Max Mhz: 1300, Current Mhz: 900, Mhz Limit: 897
Processor Information for processor 11
  Max Mhz: 1300, Current Mhz: 900, Mhz Limit: 897

Memory: 4k page, system-wide physical 7865M (652M free)
TotalPageFile size 19996M (AvailPageFile size 5M)
current process WorkingSet (physical memory assigned to process): 179M, peak: 186M
current process commit charge ("private bytes"): 311M, peak: 319M

vm_info: OpenJDK 64-Bit Server VM (21.0.10+7-LTS) for windows-amd64 JRE (21.0.10+7-LTS), built on 2026-01-20T00:00:00Z by "admin" with MS VC++ 17.12 (VS2022)

END.
