#
# There is insufficient memory for the Java Runtime Environment to continue.
# Native memory allocation (malloc) failed to allocate 1048576 bytes. Error detail: AllocateHeap
# Possible reasons:
#   The system is out of physical RAM or swap space
#   This process is running with CompressedOops enabled, and the Java Heap may be blocking the growth of the native heap
# Possible solutions:
#   Reduce memory load on the system
#   Increase physical memory or swap space
#   Check if swap backing store is full
#   Decrease Java heap size (-Xmx/-Xms)
#   Decrease number of Java threads
#   Decrease Java thread stack sizes (-Xss)
#   Set larger code cache with -XX:ReservedCodeCacheSize=
#   JVM is running with Unscaled Compressed Oops mode in which the Java heap is
#     placed in the first 4GB address space. The Java Heap base address is the
#     maximum limit for the native heap growth. Please use -XX:HeapBaseMinAddress
#     to set the Java Heap base and to place the Java Heap above 4GB virtual address.
# This output file may be truncated or incomplete.
#
#  Out of Memory Error (allocation.cpp:44), pid=30316, tid=28248
#
# JRE version: OpenJDK Runtime Environment Temurin-21.0.10+7 (21.0.10+7) (build 21.0.10+7-LTS)
# Java VM: OpenJDK 64-Bit Server VM Temurin-21.0.10+7 (21.0.10+7-LTS, mixed mode, sharing, tiered, compressed oops, compressed class ptrs, parallel gc, windows-amd64)
# No core dump will be written. Minidumps are not enabled by default on client versions of Windows
#

---------------  S U M M A R Y ------------

Command Line: --add-modules=ALL-SYSTEM --add-opens=java.base/java.util=ALL-UNNAMED --add-opens=java.base/java.lang=ALL-UNNAMED --add-opens=java.base/sun.nio.fs=ALL-UNNAMED -Declipse.application=org.eclipse.jdt.ls.core.id1 -Dosgi.bundles.defaultStartLevel=4 -Declipse.product=org.eclipse.jdt.ls.core.product -Djava.import.generatesMetadataFilesAtProjectRoot=false -DDetectVMInstallationsJob.disabled=true -Dfile.encoding=utf8 -XX:+UseParallelGC -XX:GCTimeRatio=4 -XX:AdaptiveSizePolicyWeight=90 -Dsun.zip.disableMemoryMapping=true -Xmx2G -Xms100m -Xlog:disable -javaagent:c:\Users\noora\.vscode\extensions\redhat.java-1.54.0-win32-x64\lombok\lombok-1.18.39-4050.jar -XX:+HeapDumpOnOutOfMemoryError -XX:HeapDumpPath=c:\Users\noora\AppData\Roaming\Code\User\workspaceStorage\d060818fc9a2ccecc94454c2295717ac\redhat.java -Daether.dependencyCollector.impl=bf c:\Users\noora\.vscode\extensions\redhat.java-1.54.0-win32-x64\server\plugins\org.eclipse.equinox.launcher_1.7.100.v20251111-0406.jar -configuration c:\Users\noora\AppData\Roaming\Code\User\globalStorage\redhat.java\1.54.0\config_win -data c:\Users\noora\AppData\Roaming\Code\User\workspaceStorage\d060818fc9a2ccecc94454c2295717ac\redhat.java\jdt_ws --pipe=\\.\pipe\lsp-439c6361f5e9b6e857b18fc1e2736adc-sock

Host: 12th Gen Intel(R) Core(TM) i5-1235U, 12 cores, 7G,  Windows 11 , 64 bit Build 26100 (10.0.26100.7920)
Time: Mon Apr 27 17:16:14 2026 Pakistan Standard Time elapsed time: 37.614110 seconds (0d 0h 0m 37s)

---------------  T H R E A D  ---------------

Current thread (0x0000025c9604b480):  JavaThread "Attach Listener" daemon [_thread_in_vm, id=28248, stack(0x0000005cdf800000,0x0000005cdf900000) (1024K)]

Stack: [0x0000005cdf800000,0x0000005cdf900000]
Native frames: (J=compiled Java code, j=interpreted, Vv=VM code, C=native code)
V  [jvm.dll+0x6d7a39]
V  [jvm.dll+0x8b4b26]
V  [jvm.dll+0x8b70de]
V  [jvm.dll+0x8b77c3]
V  [jvm.dll+0x284346]
V  [jvm.dll+0xc1277]
V  [jvm.dll+0x6d82e9]
V  [jvm.dll+0x1334a6]
V  [jvm.dll+0x3f857e]
V  [jvm.dll+0x85f59d]
V  [jvm.dll+0x6d626d]
C  [ucrtbase.dll+0x37b0]
C  [KERNEL32.DLL+0x2e8d7]
C  [ntdll.dll+0x8c48c]


---------------  P R O C E S S  ---------------

Threads class SMR info:
_java_thread_list=0x0000025cf7000db0, length=54, elements={
0x0000025c95fa0c50, 0x0000025c96045400, 0x0000025c95f4d860, 0x0000025c9604a490,
0x0000025c9604b480, 0x0000025c96051700, 0x0000025c9604fe50, 0x0000025c9605bfd0,
0x0000025c9605df40, 0x0000025ceef736c0, 0x0000025cef019000, 0x0000025cf446bd90,
0x0000025cf4691050, 0x0000025cf4465010, 0x0000025cf4383a00, 0x0000025cf47b6be0,
0x0000025cf4c11b20, 0x0000025cf4b01a00, 0x0000025cf4354a80, 0x0000025cf43564c0,
0x0000025cf43557a0, 0x0000025cf4356b50, 0x0000025cf43536d0, 0x0000025cf4355e30,
0x0000025cf4353d60, 0x0000025cf43543f0, 0x0000025cf6e066d0, 0x0000025cf6e08110,
0x0000025cf6e06d60, 0x0000025cf6e07a80, 0x0000025cf6e06040, 0x0000025cf6e087a0,
0x0000025cf6e059b0, 0x0000025cf6e05320, 0x0000025cf6e08e30, 0x0000025cf6e094c0,
0x0000025cf6e09b50, 0x0000025cf6e0a1e0, 0x0000025cf6e0a870, 0x0000025cf6e073f0,
0x0000025cf6e0c940, 0x0000025cf6e0af00, 0x0000025cf45fd1a0, 0x0000025cf45fc480,
0x0000025cf45fd830, 0x0000025cf45febe0, 0x0000025cf45fcb10, 0x0000025cf45fb760,
0x0000025cf45ff270, 0x0000025cf45fbdf0, 0x0000025cf46026f0, 0x0000025cf4600620,
0x0000025cf45ff900, 0x0000025cf8f45790
}

Java Threads: ( => current thread )
  0x0000025c95fa0c50 JavaThread "main"                              [_thread_blocked, id=26844, stack(0x0000005cdf100000,0x0000005cdf200000) (1024K)]
  0x0000025c96045400 JavaThread "Reference Handler"          daemon [_thread_blocked, id=26236, stack(0x0000005cdf500000,0x0000005cdf600000) (1024K)]
  0x0000025c95f4d860 JavaThread "Finalizer"                  daemon [_thread_blocked, id=11168, stack(0x0000005cdf600000,0x0000005cdf700000) (1024K)]
  0x0000025c9604a490 JavaThread "Signal Dispatcher"          daemon [_thread_blocked, id=28904, stack(0x0000005cdf700000,0x0000005cdf800000) (1024K)]
=>0x0000025c9604b480 JavaThread "Attach Listener"            daemon [_thread_in_vm, id=28248, stack(0x0000005cdf800000,0x0000005cdf900000) (1024K)]
  0x0000025c96051700 JavaThread "Service Thread"             daemon [_thread_blocked, id=28868, stack(0x0000005cdf900000,0x0000005cdfa00000) (1024K)]
  0x0000025c9604fe50 JavaThread "Monitor Deflation Thread"   daemon [_thread_blocked, id=29508, stack(0x0000005cdfa00000,0x0000005cdfb00000) (1024K)]
  0x0000025c9605bfd0 JavaThread "C2 CompilerThread0"         daemon [_thread_blocked, id=13624, stack(0x0000005cdfb00000,0x0000005cdfc00000) (1024K)]
  0x0000025c9605df40 JavaThread "C1 CompilerThread0"         daemon [_thread_blocked, id=22048, stack(0x0000005cdfc00000,0x0000005cdfd00000) (1024K)]
  0x0000025ceef736c0 JavaThread "Common-Cleaner"             daemon [_thread_blocked, id=29548, stack(0x0000005cdfd00000,0x0000005cdfe00000) (1024K)]
  0x0000025cef019000 JavaThread "Notification Thread"        daemon [_thread_blocked, id=23804, stack(0x0000005cdfe00000,0x0000005cdff00000) (1024K)]
  0x0000025cf446bd90 JavaThread "Active Thread: Equinox Container: 6402e656-c8cd-4f67-849f-3ba149f793da"        [_thread_blocked, id=28044, stack(0x0000005ce0500000,0x0000005ce0600000) (1024K)]
  0x0000025cf4691050 JavaThread "Refresh Thread: Equinox Container: 6402e656-c8cd-4f67-849f-3ba149f793da" daemon [_thread_blocked, id=29984, stack(0x0000005ce0800000,0x0000005ce0900000) (1024K)]
  0x0000025cf4465010 JavaThread "Framework Event Dispatcher: Equinox Container: 6402e656-c8cd-4f67-849f-3ba149f793da" daemon [_thread_blocked, id=18660, stack(0x0000005ce0900000,0x0000005ce0a00000) (1024K)]
  0x0000025cf4383a00 JavaThread "Start Level: Equinox Container: 6402e656-c8cd-4f67-849f-3ba149f793da" daemon [_thread_blocked, id=29116, stack(0x0000005ce0a00000,0x0000005ce0b00000) (1024K)]
  0x0000025cf47b6be0 JavaThread "Bundle File Closer"         daemon [_thread_blocked, id=14808, stack(0x0000005ce0d00000,0x0000005ce0e00000) (1024K)]
  0x0000025cf4c11b20 JavaThread "SCR Component Actor"        daemon [_thread_blocked, id=28788, stack(0x0000005ce0600000,0x0000005ce0700000) (1024K)]
  0x0000025cf4b01a00 JavaThread "Worker-JM"                         [_thread_blocked, id=24176, stack(0x0000005ce0f00000,0x0000005ce1000000) (1024K)]
  0x0000025cf4354a80 JavaThread "JNA Cleaner"                daemon [_thread_blocked, id=25752, stack(0x0000005ce1000000,0x0000005ce1100000) (1024K)]
  0x0000025cf43564c0 JavaThread "Worker-0"                          [_thread_blocked, id=30240, stack(0x0000005ce1100000,0x0000005ce1200000) (1024K)]
  0x0000025cf43557a0 JavaThread "Worker-1"                          [_thread_blocked, id=14148, stack(0x0000005ce1200000,0x0000005ce1300000) (1024K)]
  0x0000025cf4356b50 JavaThread "Java indexing"              daemon [_thread_blocked, id=5596, stack(0x0000005ce1300000,0x0000005ce1400000) (1024K)]
  0x0000025cf43536d0 JavaThread "Worker-2"                          [_thread_blocked, id=2492, stack(0x0000005ce1600000,0x0000005ce1700000) (1024K)]
  0x0000025cf4355e30 JavaThread "Worker-3"                          [_thread_blocked, id=29168, stack(0x0000005ce1700000,0x0000005ce1800000) (1024K)]
  0x0000025cf4353d60 JavaThread "Worker-4"                          [_thread_blocked, id=1760, stack(0x0000005ce1800000,0x0000005ce1900000) (1024K)]
  0x0000025cf43543f0 JavaThread "Worker-5"                          [_thread_blocked, id=29016, stack(0x0000005ce1900000,0x0000005ce1a00000) (1024K)]
  0x0000025cf6e066d0 JavaThread "Thread-1"                   daemon [_thread_in_native, id=30092, stack(0x0000005ce1a00000,0x0000005ce1b00000) (1024K)]
  0x0000025cf6e08110 JavaThread "Thread-2"                   daemon [_thread_in_native, id=30328, stack(0x0000005ce1b00000,0x0000005ce1c00000) (1024K)]
  0x0000025cf6e06d60 JavaThread "Thread-3"                   daemon [_thread_in_native, id=26088, stack(0x0000005ce1c00000,0x0000005ce1d00000) (1024K)]
  0x0000025cf6e07a80 JavaThread "Thread-4"                   daemon [_thread_in_native, id=30608, stack(0x0000005ce1d00000,0x0000005ce1e00000) (1024K)]
  0x0000025cf6e06040 JavaThread "Thread-5"                   daemon [_thread_in_native, id=25736, stack(0x0000005ce1e00000,0x0000005ce1f00000) (1024K)]
  0x0000025cf6e087a0 JavaThread "Thread-6"                   daemon [_thread_in_native, id=28896, stack(0x0000005ce1f00000,0x0000005ce2000000) (1024K)]
  0x0000025cf6e059b0 JavaThread "Thread-7"                   daemon [_thread_in_native, id=4056, stack(0x0000005ce2000000,0x0000005ce2100000) (1024K)]
  0x0000025cf6e05320 JavaThread "Thread-8"                   daemon [_thread_in_native, id=21388, stack(0x0000005ce2100000,0x0000005ce2200000) (1024K)]
  0x0000025cf6e08e30 JavaThread "Thread-9"                   daemon [_thread_in_native, id=24676, stack(0x0000005ce2200000,0x0000005ce2300000) (1024K)]
  0x0000025cf6e094c0 JavaThread "Thread-10"                  daemon [_thread_in_native, id=29728, stack(0x0000005ce2300000,0x0000005ce2400000) (1024K)]
  0x0000025cf6e09b50 JavaThread "Thread-11"                  daemon [_thread_in_native, id=28860, stack(0x0000005ce2400000,0x0000005ce2500000) (1024K)]
  0x0000025cf6e0a1e0 JavaThread "Thread-12"                  daemon [_thread_in_native, id=26836, stack(0x0000005ce2500000,0x0000005ce2600000) (1024K)]
  0x0000025cf6e0a870 JavaThread "Thread-13"                  daemon [_thread_in_native, id=26728, stack(0x0000005ce2600000,0x0000005ce2700000) (1024K)]
  0x0000025cf6e073f0 JavaThread "pool-2-thread-1"                   [_thread_blocked, id=26408, stack(0x0000005ce2700000,0x0000005ce2800000) (1024K)]
  0x0000025cf6e0c940 JavaThread "WorkspaceEventsHandler"            [_thread_blocked, id=31092, stack(0x0000005ce2800000,0x0000005ce2900000) (1024K)]
  0x0000025cf6e0af00 JavaThread "pool-1-thread-1"                   [_thread_blocked, id=28824, stack(0x0000005ce2900000,0x0000005ce2a00000) (1024K)]
  0x0000025cf45fd1a0 JavaThread "ForkJoinPool.commonPool-worker-1" daemon [_thread_blocked, id=30836, stack(0x0000005ce2a00000,0x0000005ce2b00000) (1024K)]
  0x0000025cf45fc480 JavaThread "ForkJoinPool.commonPool-worker-2" daemon [_thread_blocked, id=31492, stack(0x0000005ce2c00000,0x0000005ce2d00000) (1024K)]
  0x0000025cf45fd830 JavaThread "ForkJoinPool.commonPool-worker-3" daemon [_thread_blocked, id=23212, stack(0x0000005ce2d00000,0x0000005ce2e00000) (1024K)]
  0x0000025cf45febe0 JavaThread "ForkJoinPool.commonPool-worker-4" daemon [_thread_blocked, id=21040, stack(0x0000005ce2e00000,0x0000005ce2f00000) (1024K)]
  0x0000025cf45fcb10 JavaThread "ForkJoinPool.commonPool-worker-5" daemon [_thread_blocked, id=18068, stack(0x0000005ce2f00000,0x0000005ce3000000) (1024K)]
  0x0000025cf45fb760 JavaThread "ForkJoinPool.commonPool-worker-6" daemon [_thread_blocked, id=3252, stack(0x0000005ce2b00000,0x0000005ce2c00000) (1024K)]
  0x0000025cf45ff270 JavaThread "ForkJoinPool.commonPool-worker-7" daemon [_thread_blocked, id=7044, stack(0x0000005ce3000000,0x0000005ce3100000) (1024K)]
  0x0000025cf45fbdf0 JavaThread "ForkJoinPool.commonPool-worker-8" daemon [_thread_blocked, id=6300, stack(0x0000005ce3100000,0x0000005ce3200000) (1024K)]
  0x0000025cf46026f0 JavaThread "ForkJoinPool.commonPool-worker-9" daemon [_thread_blocked, id=29480, stack(0x0000005ce3200000,0x0000005ce3300000) (1024K)]
  0x0000025cf4600620 JavaThread "ForkJoinPool.commonPool-worker-10" daemon [_thread_blocked, id=26952, stack(0x0000005ce3300000,0x0000005ce3400000) (1024K)]
  0x0000025cf45ff900 JavaThread "ForkJoinPool.commonPool-worker-11" daemon [_thread_blocked, id=23412, stack(0x0000005ce3400000,0x0000005ce3500000) (1024K)]
  0x0000025cf8f45790 JavaThread "C2 CompilerThread1"         daemon [_thread_blocked, id=26700, stack(0x0000005cdee00000,0x0000005cdef00000) (1024K)]
Total: 54

Other Threads:
  0x0000025c95f34210 VMThread "VM Thread"                           [id=30920, stack(0x0000005cdf400000,0x0000005cdf500000) (1024K)]
  0x0000025c95e2ca00 WatcherThread "VM Periodic Task Thread"        [id=16160, stack(0x0000005cdf300000,0x0000005cdf400000) (1024K)]
  0x0000025c95fbe6d0 WorkerThread "GC Thread#0"                     [id=26104, stack(0x0000005cdf200000,0x0000005cdf300000) (1024K)]
  0x0000025cef05bd40 WorkerThread "GC Thread#1"                     [id=29428, stack(0x0000005cdff00000,0x0000005ce0000000) (1024K)]
  0x0000025cef0305a0 WorkerThread "GC Thread#2"                     [id=18008, stack(0x0000005ce0000000,0x0000005ce0100000) (1024K)]
  0x0000025cef06d180 WorkerThread "GC Thread#3"                     [id=18816, stack(0x0000005ce0100000,0x0000005ce0200000) (1024K)]
  0x0000025cef06e0a0 WorkerThread "GC Thread#4"                     [id=21620, stack(0x0000005ce0200000,0x0000005ce0300000) (1024K)]
  0x0000025cf418d1d0 WorkerThread "GC Thread#5"                     [id=16620, stack(0x0000005ce0300000,0x0000005ce0400000) (1024K)]
  0x0000025cf418d580 WorkerThread "GC Thread#6"                     [id=12576, stack(0x0000005ce0400000,0x0000005ce0500000) (1024K)]
  0x0000025cf46949a0 WorkerThread "GC Thread#7"                     [id=22836, stack(0x0000005ce0700000,0x0000005ce0800000) (1024K)]
  0x0000025cf4a50e70 WorkerThread "GC Thread#8"                     [id=24700, stack(0x0000005ce0b00000,0x0000005ce0c00000) (1024K)]
  0x0000025cf4d86070 WorkerThread "GC Thread#9"                     [id=11908, stack(0x0000005ce0c00000,0x0000005ce0d00000) (1024K)]
Total: 12

Threads with active compile tasks:
Total: 0

VM state: not at safepoint (normal execution)

VM Mutex/Monitor currently owned by a thread: None

Heap address: 0x0000000080000000, size: 2048 MB, Compressed Oops mode: 32-bit

CDS archive(s) mapped at: [0x0000025cad000000-0x0000025cadba0000-0x0000025cadba0000), size 12189696, SharedBaseAddress: 0x0000025cad000000, ArchiveRelocationMode: 1.
Compressed class space mapped at: 0x0000025cae000000-0x0000025cee000000, reserved size: 1073741824
Narrow klass base: 0x0000025cad000000, Narrow klass shift: 0, Narrow klass range: 0x100000000

GC Precious Log:
 CardTable entry size: 512
 CPUs: 12 total, 12 available
 Memory: 7865M
 Large Page Support: Disabled
 NUMA Support: Disabled
 Compressed Oops: Enabled (32-bit)
 Alignments: Space 512K, Generation 512K, Heap 2M
 Heap Min Capacity: 100M
 Heap Initial Capacity: 100M
 Heap Max Capacity: 2G
 Pre-touch: Disabled
 Parallel Workers: 10

Heap:
 PSYoungGen      total 4096K, used 1756K [0x00000000d5580000, 0x00000000d5c00000, 0x0000000100000000)
  eden space 3584K, 35% used [0x00000000d5580000,0x00000000d56bf030,0x00000000d5900000)
  from space 512K, 93% used [0x00000000d5b00000,0x00000000d5b78010,0x00000000d5b80000)
  to   space 512K, 0% used [0x00000000d5b80000,0x00000000d5b80000,0x00000000d5c00000)
 ParOldGen       total 410624K, used 410536K [0x0000000080000000, 0x0000000099100000, 0x00000000d5580000)
  object space 410624K, 99% used [0x0000000080000000,0x00000000990ea070,0x0000000099100000)
 Metaspace       used 63304K, committed 64640K, reserved 1114112K
  class space    used 6761K, committed 7360K, reserved 1048576K

Card table byte_map: [0x0000025c95940000,0x0000025c95d50000] _byte_map_base: 0x0000025c95540000

Marking Bits: (ParMarkBitMap*) 0x00007ffeac2f3450
 Begin Bits: [0x0000025ca8450000, 0x0000025caa450000)
 End Bits:   [0x0000025caa450000, 0x0000025cac450000)

Polling page: 0x0000025c93de0000

Metaspace:

Usage:
  Non-class:     55.22 MB used.
      Class:      6.60 MB used.
       Both:     61.82 MB used.

Virtual space:
  Non-class space:       64.00 MB reserved,      55.94 MB ( 87%) committed,  1 nodes.
      Class space:        1.00 GB reserved,       7.19 MB ( <1%) committed,  1 nodes.
             Both:        1.06 GB reserved,      63.12 MB (  6%) committed. 

Chunk freelists:
   Non-Class:  7.69 MB
       Class:  8.75 MB
        Both:  16.44 MB

MaxMetaspaceSize: unlimited
CompressedClassSpaceSize: 1.00 GB
Initial GC threshold: 21.00 MB
Current GC threshold: 97.31 MB
CDS: on
 - commit_granule_bytes: 65536.
 - commit_granule_words: 8192.
 - virtual_space_node_default_size: 8388608.
 - enlarge_chunks_in_place: 1.
 - use_allocation_guard: 0.


Internal statistics:

num_allocs_failed_limit: 9.
num_arena_births: 1108.
num_arena_deaths: 40.
num_vsnodes_births: 2.
num_vsnodes_deaths: 0.
num_space_committed: 1010.
num_space_uncommitted: 0.
num_chunks_returned_to_freelist: 61.
num_chunks_taken_from_freelist: 4093.
num_chunk_merges: 13.
num_chunk_splits: 2523.
num_chunks_enlarged: 1458.
num_inconsistent_stats: 0.

CodeHeap 'non-profiled nmethods': size=120000Kb used=6268Kb max_used=6268Kb free=113731Kb
 bounds [0x0000025ca0c70000, 0x0000025ca1290000, 0x0000025ca81a0000]
CodeHeap 'profiled nmethods': size=120000Kb used=19041Kb max_used=19041Kb free=100958Kb
 bounds [0x0000025c991a0000, 0x0000025c9a440000, 0x0000025ca06d0000]
CodeHeap 'non-nmethods': size=5760Kb used=1460Kb max_used=1518Kb free=4299Kb
 bounds [0x0000025ca06d0000, 0x0000025ca0940000, 0x0000025ca0c70000]
CodeCache: size=245760Kb, used=26769Kb, max_used=26827Kb, free=218988Kb
 total_blobs=9436, nmethods=8658, adapters=683, full_count=0
Compilation: enabled, stopped_count=0, restarted_count=0

Compilation events (20 events):
Event: 32.179 Thread 0x0000025cf54b7d50 9395       4       java.util.ArrayList::<init> (65 bytes)
Event: 32.182 Thread 0x0000025cf8f45790 nmethod 9400 0x0000025ca1286e10 code [0x0000025ca1287000, 0x0000025ca12876b8]
Event: 32.182 Thread 0x0000025cf8f45790 9386       4       java.util.ArrayList::hashCode (22 bytes)
Event: 32.182 Thread 0x0000025cf54b7d50 nmethod 9395 0x0000025ca1287c10 code [0x0000025ca1287dc0, 0x0000025ca1287ff0]
Event: 32.183 Thread 0x0000025cf54b7d50 9385       4       org.eclipse.osgi.container.ModuleDatabase$Persistence::writeString (99 bytes)
Event: 32.183 Thread 0x0000025c9605bfd0 nmethod 9378 0x0000025ca1288190 code [0x0000025ca12883a0, 0x0000025ca12888f8]
Event: 32.184 Thread 0x0000025c9605bfd0 9394       4       java.util.ArrayList::toArray (12 bytes)
Event: 32.186 Thread 0x0000025c9605bfd0 nmethod 9394 0x0000025ca1288f10 code [0x0000025ca12890a0, 0x0000025ca12893b8]
Event: 32.188 Thread 0x0000025c9605bfd0 9352       4       java.util.Collections$1::next (25 bytes)
Event: 32.190 Thread 0x0000025c9605bfd0 nmethod 9352 0x0000025ca1289510 code [0x0000025ca12896a0, 0x0000025ca1289750]
Event: 32.190 Thread 0x0000025c9605bfd0 9349       4       java.util.Collections$UnmodifiableMap$UnmodifiableEntrySet$1::next (5 bytes)
Event: 32.191 Thread 0x0000025cf8f45790 nmethod 9386 0x0000025ca1289810 code [0x0000025ca12899e0, 0x0000025ca1289df8]
Event: 32.191 Thread 0x0000025cf8f45790 9351       4       java.util.HashMap$Node::hashCode (16 bytes)
Event: 32.194 Thread 0x0000025cf8f45790 nmethod 9351 0x0000025ca128a110 code [0x0000025ca128a2a0, 0x0000025ca128a438]
Event: 32.194 Thread 0x0000025cf8f45790 9364       4       org.osgi.framework.Version::hashCode (65 bytes)
Event: 32.196 Thread 0x0000025cf8f45790 nmethod 9364 0x0000025ca128a510 code [0x0000025ca128a6a0, 0x0000025ca128a7d8]
Event: 32.196 Thread 0x0000025cf8f45790 9392       4       org.eclipse.osgi.container.ModuleDatabase$Persistence::addToWriteTable (77 bytes)
Event: 32.198 Thread 0x0000025c9605bfd0 nmethod 9349 0x0000025ca128a890 code [0x0000025ca128aa40, 0x0000025ca128ad88]
Event: 32.212 Thread 0x0000025cf8f45790 nmethod 9392 0x0000025ca128b010 code [0x0000025ca128b240, 0x0000025ca128bbe8]
Event: 32.225 Thread 0x0000025cf54b7d50 nmethod 9385 0x0000025ca128c390 code [0x0000025ca128c740, 0x0000025ca128dd28]

GC Heap History (20 events):
Event: 21.010 GC heap before
{Heap before GC invocations=223 (full 3):
 PSYoungGen      total 5632K, used 5377K [0x00000000d5580000, 0x00000000d5d80000, 0x0000000100000000)
  eden space 3584K, 100% used [0x00000000d5580000,0x00000000d5900000,0x00000000d5900000)
  from space 2048K, 87% used [0x00000000d5b00000,0x00000000d5cc0588,0x00000000d5d00000)
  to   space 512K, 0% used [0x00000000d5d00000,0x00000000d5d00000,0x00000000d5d80000)
 ParOldGen       total 406528K, used 406200K [0x0000000080000000, 0x0000000098d00000, 0x00000000d5580000)
  object space 406528K, 99% used [0x0000000080000000,0x0000000098cae390,0x0000000098d00000)
 Metaspace       used 60965K, committed 62272K, reserved 1114112K
  class space    used 6504K, committed 7040K, reserved 1048576K
}
Event: 21.013 GC heap after
{Heap after GC invocations=223 (full 3):
 PSYoungGen      total 4096K, used 448K [0x00000000d5580000, 0x00000000d5d80000, 0x0000000100000000)
  eden space 3584K, 0% used [0x00000000d5580000,0x00000000d5580000,0x00000000d5900000)
  from space 512K, 87% used [0x00000000d5d00000,0x00000000d5d70000,0x00000000d5d80000)
  to   space 1024K, 0% used [0x00000000d5b80000,0x00000000d5b80000,0x00000000d5c80000)
 ParOldGen       total 408064K, used 407664K [0x0000000080000000, 0x0000000098e80000, 0x00000000d5580000)
  object space 408064K, 99% used [0x0000000080000000,0x0000000098e1c118,0x0000000098e80000)
 Metaspace       used 60965K, committed 62272K, reserved 1114112K
  class space    used 6504K, committed 7040K, reserved 1048576K
}
Event: 21.168 GC heap before
{Heap before GC invocations=224 (full 3):
 PSYoungGen      total 4096K, used 4032K [0x00000000d5580000, 0x00000000d5d80000, 0x0000000100000000)
  eden space 3584K, 100% used [0x00000000d5580000,0x00000000d5900000,0x00000000d5900000)
  from space 512K, 87% used [0x00000000d5d00000,0x00000000d5d70000,0x00000000d5d80000)
  to   space 1024K, 0% used [0x00000000d5b80000,0x00000000d5b80000,0x00000000d5c80000)
 ParOldGen       total 408064K, used 407664K [0x0000000080000000, 0x0000000098e80000, 0x00000000d5580000)
  object space 408064K, 99% used [0x0000000080000000,0x0000000098e1c118,0x0000000098e80000)
 Metaspace       used 61165K, committed 62464K, reserved 1114112K
  class space    used 6522K, committed 7040K, reserved 1048576K
}
Event: 21.170 GC heap after
{Heap after GC invocations=224 (full 3):
 PSYoungGen      total 4608K, used 1008K [0x00000000d5580000, 0x00000000d5d80000, 0x0000000100000000)
  eden space 3584K, 0% used [0x00000000d5580000,0x00000000d5580000,0x00000000d5900000)
  from space 1024K, 98% used [0x00000000d5b80000,0x00000000d5c7c010,0x00000000d5c80000)
  to   space 1024K, 0% used [0x00000000d5c80000,0x00000000d5c80000,0x00000000d5d80000)
 ParOldGen       total 408576K, used 408155K [0x0000000080000000, 0x0000000098f00000, 0x00000000d5580000)
  object space 408576K, 99% used [0x0000000080000000,0x0000000098e96d20,0x0000000098f00000)
 Metaspace       used 61165K, committed 62464K, reserved 1114112K
  class space    used 6522K, committed 7040K, reserved 1048576K
}
Event: 21.253 GC heap before
{Heap before GC invocations=225 (full 3):
 PSYoungGen      total 4608K, used 4592K [0x00000000d5580000, 0x00000000d5d80000, 0x0000000100000000)
  eden space 3584K, 100% used [0x00000000d5580000,0x00000000d5900000,0x00000000d5900000)
  from space 1024K, 98% used [0x00000000d5b80000,0x00000000d5c7c010,0x00000000d5c80000)
  to   space 1024K, 0% used [0x00000000d5c80000,0x00000000d5c80000,0x00000000d5d80000)
 ParOldGen       total 408576K, used 408155K [0x0000000080000000, 0x0000000098f00000, 0x00000000d5580000)
  object space 408576K, 99% used [0x0000000080000000,0x0000000098e96d20,0x0000000098f00000)
 Metaspace       used 61600K, committed 62912K, reserved 1114112K
  class space    used 6555K, committed 7104K, reserved 1048576K
}
Event: 21.257 GC heap after
{Heap after GC invocations=225 (full 3):
 PSYoungGen      total 4096K, used 416K [0x00000000d5580000, 0x00000000d5d00000, 0x0000000100000000)
  eden space 3584K, 0% used [0x00000000d5580000,0x00000000d5580000,0x00000000d5900000)
  from space 512K, 81% used [0x00000000d5c80000,0x00000000d5ce8000,0x00000000d5d00000)
  to   space 1024K, 0% used [0x00000000d5b00000,0x00000000d5b00000,0x00000000d5c00000)
 ParOldGen       total 409088K, used 408840K [0x0000000080000000, 0x0000000098f80000, 0x00000000d5580000)
  object space 409088K, 99% used [0x0000000080000000,0x0000000098f420e8,0x0000000098f80000)
 Metaspace       used 61600K, committed 62912K, reserved 1114112K
  class space    used 6555K, committed 7104K, reserved 1048576K
}
Event: 21.354 GC heap before
{Heap before GC invocations=226 (full 3):
 PSYoungGen      total 4096K, used 4000K [0x00000000d5580000, 0x00000000d5d00000, 0x0000000100000000)
  eden space 3584K, 100% used [0x00000000d5580000,0x00000000d5900000,0x00000000d5900000)
  from space 512K, 81% used [0x00000000d5c80000,0x00000000d5ce8000,0x00000000d5d00000)
  to   space 1024K, 0% used [0x00000000d5b00000,0x00000000d5b00000,0x00000000d5c00000)
 ParOldGen       total 409088K, used 408840K [0x0000000080000000, 0x0000000098f80000, 0x00000000d5580000)
  object space 409088K, 99% used [0x0000000080000000,0x0000000098f420e8,0x0000000098f80000)
 Metaspace       used 61930K, committed 63296K, reserved 1114112K
  class space    used 6601K, committed 7168K, reserved 1048576K
}
Event: 21.357 GC heap after
{Heap after GC invocations=226 (full 3):
 PSYoungGen      total 4608K, used 566K [0x00000000d5580000, 0x00000000d5d00000, 0x0000000100000000)
  eden space 3584K, 0% used [0x00000000d5580000,0x00000000d5580000,0x00000000d5900000)
  from space 1024K, 55% used [0x00000000d5b00000,0x00000000d5b8daa0,0x00000000d5c00000)
  to   space 1024K, 0% used [0x00000000d5c00000,0x00000000d5c00000,0x00000000d5d00000)
 ParOldGen       total 409600K, used 409128K [0x0000000080000000, 0x0000000099000000, 0x00000000d5580000)
  object space 409600K, 99% used [0x0000000080000000,0x0000000098f8a0e8,0x0000000099000000)
 Metaspace       used 61930K, committed 63296K, reserved 1114112K
  class space    used 6601K, committed 7168K, reserved 1048576K
}
Event: 21.371 GC heap before
{Heap before GC invocations=227 (full 3):
 PSYoungGen      total 4608K, used 4150K [0x00000000d5580000, 0x00000000d5d00000, 0x0000000100000000)
  eden space 3584K, 100% used [0x00000000d5580000,0x00000000d5900000,0x00000000d5900000)
  from space 1024K, 55% used [0x00000000d5b00000,0x00000000d5b8daa0,0x00000000d5c00000)
  to   space 1024K, 0% used [0x00000000d5c00000,0x00000000d5c00000,0x00000000d5d00000)
 ParOldGen       total 409600K, used 409128K [0x0000000080000000, 0x0000000099000000, 0x00000000d5580000)
  object space 409600K, 99% used [0x0000000080000000,0x0000000098f8a0e8,0x0000000099000000)
 Metaspace       used 61949K, committed 63296K, reserved 1114112K
  class space    used 6602K, committed 7168K, reserved 1048576K
}
Event: 21.372 GC heap after
{Heap after GC invocations=227 (full 3):
 PSYoungGen      total 4608K, used 1020K [0x00000000d5580000, 0x00000000d5d00000, 0x0000000100000000)
  eden space 3584K, 0% used [0x00000000d5580000,0x00000000d5580000,0x00000000d5900000)
  from space 1024K, 99% used [0x00000000d5c00000,0x00000000d5cff388,0x00000000d5d00000)
  to   space 1536K, 0% used [0x00000000d5a00000,0x00000000d5a00000,0x00000000d5b80000)
 ParOldGen       total 409600K, used 409497K [0x0000000080000000, 0x0000000099000000, 0x00000000d5580000)
  object space 409600K, 99% used [0x0000000080000000,0x0000000098fe6788,0x0000000099000000)
 Metaspace       used 61949K, committed 63296K, reserved 1114112K
  class space    used 6602K, committed 7168K, reserved 1048576K
}
Event: 21.417 GC heap before
{Heap before GC invocations=228 (full 3):
 PSYoungGen      total 4608K, used 4562K [0x00000000d5580000, 0x00000000d5d00000, 0x0000000100000000)
  eden space 3584K, 98% used [0x00000000d5580000,0x00000000d58f5530,0x00000000d5900000)
  from space 1024K, 99% used [0x00000000d5c00000,0x00000000d5cff388,0x00000000d5d00000)
  to   space 1536K, 0% used [0x00000000d5a00000,0x00000000d5a00000,0x00000000d5b80000)
 ParOldGen       total 409600K, used 409497K [0x0000000080000000, 0x0000000099000000, 0x00000000d5580000)
  object space 409600K, 99% used [0x0000000080000000,0x0000000098fe6788,0x0000000099000000)
 Metaspace       used 62244K, committed 63552K, reserved 1114112K
  class space    used 6619K, committed 7168K, reserved 1048576K
}
Event: 21.418 GC heap after
{Heap after GC invocations=228 (full 3):
 PSYoungGen      total 5120K, used 288K [0x00000000d5580000, 0x00000000d5c80000, 0x0000000100000000)
  eden space 3584K, 0% used [0x00000000d5580000,0x00000000d5580000,0x00000000d5900000)
  from space 1536K, 18% used [0x00000000d5a00000,0x00000000d5a48000,0x00000000d5b80000)
  to   space 1024K, 0% used [0x00000000d5b80000,0x00000000d5b80000,0x00000000d5c80000)
 ParOldGen       total 409600K, used 409537K [0x0000000080000000, 0x0000000099000000, 0x00000000d5580000)
  object space 409600K, 99% used [0x0000000080000000,0x0000000098ff0788,0x0000000099000000)
 Metaspace       used 62244K, committed 63552K, reserved 1114112K
  class space    used 6619K, committed 7168K, reserved 1048576K
}
Event: 21.513 GC heap before
{Heap before GC invocations=229 (full 3):
 PSYoungGen      total 5120K, used 3872K [0x00000000d5580000, 0x00000000d5c80000, 0x0000000100000000)
  eden space 3584K, 100% used [0x00000000d5580000,0x00000000d5900000,0x00000000d5900000)
  from space 1536K, 18% used [0x00000000d5a00000,0x00000000d5a48000,0x00000000d5b80000)
  to   space 1024K, 0% used [0x00000000d5b80000,0x00000000d5b80000,0x00000000d5c80000)
 ParOldGen       total 409600K, used 409537K [0x0000000080000000, 0x0000000099000000, 0x00000000d5580000)
  object space 409600K, 99% used [0x0000000080000000,0x0000000098ff0788,0x0000000099000000)
 Metaspace       used 62895K, committed 64256K, reserved 1114112K
  class space    used 6733K, committed 7296K, reserved 1048576K
}
Event: 21.516 GC heap after
{Heap after GC invocations=229 (full 3):
 PSYoungGen      total 4096K, used 480K [0x00000000d5580000, 0x00000000d5c00000, 0x0000000100000000)
  eden space 3584K, 0% used [0x00000000d5580000,0x00000000d5580000,0x00000000d5900000)
  from space 512K, 93% used [0x00000000d5b80000,0x00000000d5bf8000,0x00000000d5c00000)
  to   space 1024K, 0% used [0x00000000d5a00000,0x00000000d5a00000,0x00000000d5b00000)
 ParOldGen       total 410112K, used 409648K [0x0000000080000000, 0x0000000099080000, 0x00000000d5580000)
  object space 410112K, 99% used [0x0000000080000000,0x000000009900c050,0x0000000099080000)
 Metaspace       used 62895K, committed 64256K, reserved 1114112K
  class space    used 6733K, committed 7296K, reserved 1048576K
}
Event: 21.563 GC heap before
{Heap before GC invocations=230 (full 3):
 PSYoungGen      total 4096K, used 4064K [0x00000000d5580000, 0x00000000d5c00000, 0x0000000100000000)
  eden space 3584K, 100% used [0x00000000d5580000,0x00000000d5900000,0x00000000d5900000)
  from space 512K, 93% used [0x00000000d5b80000,0x00000000d5bf8000,0x00000000d5c00000)
  to   space 1024K, 0% used [0x00000000d5a00000,0x00000000d5a00000,0x00000000d5b00000)
 ParOldGen       total 410112K, used 409648K [0x0000000080000000, 0x0000000099080000, 0x00000000d5580000)
  object space 410112K, 99% used [0x0000000080000000,0x000000009900c050,0x0000000099080000)
 Metaspace       used 62969K, committed 64320K, reserved 1114112K
  class space    used 6739K, committed 7296K, reserved 1048576K
}
Event: 21.565 GC heap after
{Heap after GC invocations=230 (full 3):
 PSYoungGen      total 4608K, used 256K [0x00000000d5580000, 0x00000000d5c00000, 0x0000000100000000)
  eden space 3584K, 0% used [0x00000000d5580000,0x00000000d5580000,0x00000000d5900000)
  from space 1024K, 25% used [0x00000000d5a00000,0x00000000d5a40000,0x00000000d5b00000)
  to   space 512K, 0% used [0x00000000d5b80000,0x00000000d5b80000,0x00000000d5c00000)
 ParOldGen       total 410112K, used 409888K [0x0000000080000000, 0x0000000099080000, 0x00000000d5580000)
  object space 410112K, 99% used [0x0000000080000000,0x0000000099048050,0x0000000099080000)
 Metaspace       used 62969K, committed 64320K, reserved 1114112K
  class space    used 6739K, committed 7296K, reserved 1048576K
}
Event: 21.608 GC heap before
{Heap before GC invocations=231 (full 3):
 PSYoungGen      total 4608K, used 3840K [0x00000000d5580000, 0x00000000d5c00000, 0x0000000100000000)
  eden space 3584K, 100% used [0x00000000d5580000,0x00000000d5900000,0x00000000d5900000)
  from space 1024K, 25% used [0x00000000d5a00000,0x00000000d5a40000,0x00000000d5b00000)
  to   space 512K, 0% used [0x00000000d5b80000,0x00000000d5b80000,0x00000000d5c00000)
 ParOldGen       total 410112K, used 409888K [0x0000000080000000, 0x0000000099080000, 0x00000000d5580000)
  object space 410112K, 99% used [0x0000000080000000,0x0000000099048050,0x0000000099080000)
 Metaspace       used 63007K, committed 64320K, reserved 1114112K
  class space    used 6742K, committed 7296K, reserved 1048576K
}
Event: 21.609 GC heap after
{Heap after GC invocations=231 (full 3):
 PSYoungGen      total 4096K, used 256K [0x00000000d5580000, 0x00000000d5c00000, 0x0000000100000000)
  eden space 3584K, 0% used [0x00000000d5580000,0x00000000d5580000,0x00000000d5900000)
  from space 512K, 50% used [0x00000000d5b80000,0x00000000d5bc0000,0x00000000d5c00000)
  to   space 512K, 0% used [0x00000000d5b00000,0x00000000d5b00000,0x00000000d5b80000)
 ParOldGen       total 410112K, used 409936K [0x0000000080000000, 0x0000000099080000, 0x00000000d5580000)
  object space 410112K, 99% used [0x0000000080000000,0x0000000099054050,0x0000000099080000)
 Metaspace       used 63007K, committed 64320K, reserved 1114112K
  class space    used 6742K, committed 7296K, reserved 1048576K
}
Event: 32.078 GC heap before
{Heap before GC invocations=232 (full 3):
 PSYoungGen      total 4096K, used 3840K [0x00000000d5580000, 0x00000000d5c00000, 0x0000000100000000)
  eden space 3584K, 100% used [0x00000000d5580000,0x00000000d5900000,0x00000000d5900000)
  from space 512K, 50% used [0x00000000d5b80000,0x00000000d5bc0000,0x00000000d5c00000)
  to   space 512K, 0% used [0x00000000d5b00000,0x00000000d5b00000,0x00000000d5b80000)
 ParOldGen       total 410112K, used 409936K [0x0000000080000000, 0x0000000099080000, 0x00000000d5580000)
  object space 410112K, 99% used [0x0000000080000000,0x0000000099054050,0x0000000099080000)
 Metaspace       used 63122K, committed 64448K, reserved 1114112K
  class space    used 6751K, committed 7296K, reserved 1048576K
}
Event: 32.081 GC heap after
{Heap after GC invocations=232 (full 3):
 PSYoungGen      total 4096K, used 480K [0x00000000d5580000, 0x00000000d5c00000, 0x0000000100000000)
  eden space 3584K, 0% used [0x00000000d5580000,0x00000000d5580000,0x00000000d5900000)
  from space 512K, 93% used [0x00000000d5b00000,0x00000000d5b78010,0x00000000d5b80000)
  to   space 512K, 0% used [0x00000000d5b80000,0x00000000d5b80000,0x00000000d5c00000)
 ParOldGen       total 410624K, used 410536K [0x0000000080000000, 0x0000000099100000, 0x00000000d5580000)
  object space 410624K, 99% used [0x0000000080000000,0x00000000990ea070,0x0000000099100000)
 Metaspace       used 63122K, committed 64448K, reserved 1114112K
  class space    used 6751K, committed 7296K, reserved 1048576K
}

Dll operation events (10 events):
Event: 0.015 Loaded shared library c:\Users\noora\.vscode\extensions\redhat.java-1.54.0-win32-x64\jre\21.0.10-win32-x86_64\bin\java.dll
Event: 0.138 Loaded shared library c:\Users\noora\.vscode\extensions\redhat.java-1.54.0-win32-x64\jre\21.0.10-win32-x86_64\bin\zip.dll
Event: 0.178 Loaded shared library C:\Users\noora\.vscode\extensions\redhat.java-1.54.0-win32-x64\jre\21.0.10-win32-x86_64\bin\instrument.dll
Event: 0.203 Loaded shared library C:\Users\noora\.vscode\extensions\redhat.java-1.54.0-win32-x64\jre\21.0.10-win32-x86_64\bin\net.dll
Event: 0.228 Loaded shared library C:\Users\noora\.vscode\extensions\redhat.java-1.54.0-win32-x64\jre\21.0.10-win32-x86_64\bin\nio.dll
Event: 0.233 Loaded shared library C:\Users\noora\.vscode\extensions\redhat.java-1.54.0-win32-x64\jre\21.0.10-win32-x86_64\bin\zip.dll
Event: 0.262 Loaded shared library C:\Users\noora\.vscode\extensions\redhat.java-1.54.0-win32-x64\jre\21.0.10-win32-x86_64\bin\jimage.dll
Event: 0.411 Loaded shared library c:\Users\noora\.vscode\extensions\redhat.java-1.54.0-win32-x64\jre\21.0.10-win32-x86_64\bin\verify.dll
Event: 2.300 Loaded shared library C:\Users\noora\AppData\Roaming\Code\User\globalStorage\redhat.java\1.54.0\config_win\org.eclipse.equinox.launcher\org.eclipse.equinox.launcher.win32.win32.x86_64_1.3.0.v20260203-2149\eclipse_11919.dll
Event: 6.227 Loaded shared library C:\Users\noora\AppData\Local\Temp\jna-105004413\jna11603864440120749342.dll

Deoptimization events (20 events):
Event: 32.048 Thread 0x0000025cf446bd90 DEOPT PACKING pc=0x0000025c9a403e00 sp=0x0000005ce05feea0
Event: 32.048 Thread 0x0000025cf446bd90 DEOPT UNPACKING pc=0x0000025ca0724242 sp=0x0000005ce05fe3f8 mode 0
Event: 32.049 Thread 0x0000025cf446bd90 DEOPT PACKING pc=0x0000025c9a403e00 sp=0x0000005ce05feea0
Event: 32.049 Thread 0x0000025cf446bd90 DEOPT UNPACKING pc=0x0000025ca0724242 sp=0x0000005ce05fe3f8 mode 0
Event: 32.050 Thread 0x0000025cf446bd90 DEOPT PACKING pc=0x0000025c9a403e00 sp=0x0000005ce05feea0
Event: 32.050 Thread 0x0000025cf446bd90 DEOPT UNPACKING pc=0x0000025ca0724242 sp=0x0000005ce05fe3f8 mode 0
Event: 32.051 Thread 0x0000025cf446bd90 DEOPT PACKING pc=0x0000025c9a403e00 sp=0x0000005ce05feea0
Event: 32.051 Thread 0x0000025cf446bd90 DEOPT UNPACKING pc=0x0000025ca0724242 sp=0x0000005ce05fe3f8 mode 0
Event: 32.052 Thread 0x0000025cf446bd90 DEOPT PACKING pc=0x0000025c9a403e00 sp=0x0000005ce05feea0
Event: 32.052 Thread 0x0000025cf446bd90 DEOPT UNPACKING pc=0x0000025ca0724242 sp=0x0000005ce05fe3f8 mode 0
Event: 32.052 Thread 0x0000025cf446bd90 DEOPT PACKING pc=0x0000025c9a403e00 sp=0x0000005ce05fee00
Event: 32.052 Thread 0x0000025cf446bd90 DEOPT UNPACKING pc=0x0000025ca0724242 sp=0x0000005ce05fe358 mode 0
Event: 32.053 Thread 0x0000025cf446bd90 Uncommon trap: trap_request=0xffffff45 fr.pc=0x0000025ca0cdfe2c relative=0x000000000000016c
Event: 32.053 Thread 0x0000025cf446bd90 Uncommon trap: reason=unstable_if action=reinterpret pc=0x0000025ca0cdfe2c method=java.util.HashMap.getNode(Ljava/lang/Object;)Ljava/util/HashMap$Node; @ 131 c2
Event: 32.053 Thread 0x0000025cf446bd90 DEOPT PACKING pc=0x0000025ca0cdfe2c sp=0x0000005ce05fefd0
Event: 32.053 Thread 0x0000025cf446bd90 DEOPT UNPACKING pc=0x0000025ca0723aa2 sp=0x0000005ce05feee0 mode 2
Event: 32.054 Thread 0x0000025cf446bd90 Uncommon trap: trap_request=0xffffff45 fr.pc=0x0000025ca0d781b8 relative=0x00000000000001d8
Event: 32.054 Thread 0x0000025cf446bd90 Uncommon trap: reason=unstable_if action=reinterpret pc=0x0000025ca0d781b8 method=java.util.HashMap.getNode(Ljava/lang/Object;)Ljava/util/HashMap$Node; @ 131 c2
Event: 32.055 Thread 0x0000025cf446bd90 DEOPT PACKING pc=0x0000025ca0d781b8 sp=0x0000005ce05fef60
Event: 32.055 Thread 0x0000025cf446bd90 DEOPT UNPACKING pc=0x0000025ca0723aa2 sp=0x0000005ce05feee0 mode 2

Classes loaded (20 events):
Event: 32.116 Loading class sun/util/cldr/CLDRTimeZoneNameProviderImpl
Event: 32.117 Loading class sun/util/locale/provider/TimeZoneNameProviderImpl
Event: 32.118 Loading class sun/util/locale/provider/TimeZoneNameProviderImpl done
Event: 32.118 Loading class sun/util/cldr/CLDRTimeZoneNameProviderImpl done
Event: 32.124 Loading class sun/util/resources/cldr/TimeZoneNames
Event: 32.125 Loading class sun/util/resources/TimeZoneNamesBundle
Event: 32.126 Loading class sun/util/resources/OpenListResourceBundle
Event: 32.126 Loading class sun/util/resources/OpenListResourceBundle done
Event: 32.126 Loading class sun/util/resources/TimeZoneNamesBundle done
Event: 32.126 Loading class sun/util/resources/cldr/TimeZoneNames done
Event: 32.128 Loading class sun/util/resources/cldr/TimeZoneNames_en
Event: 32.131 Loading class sun/util/resources/cldr/TimeZoneNames_en done
Event: 32.133 Loading class sun/util/resources/cldr/TimeZoneNames_en_US
Event: 32.133 Loading class sun/util/resources/cldr/TimeZoneNames_en_US done
Event: 32.136 Loading class sun/util/cldr/CLDRBaseLocaleDataMetaInfo$TZCanonicalIDMapHolder
Event: 32.138 Loading class sun/util/cldr/CLDRBaseLocaleDataMetaInfo$TZCanonicalIDMapHolder done
Event: 32.142 Loading class sun/util/resources/TimeZoneNames
Event: 32.145 Loading class sun/util/resources/TimeZoneNames done
Event: 32.146 Loading class sun/util/resources/TimeZoneNames_en
Event: 32.146 Loading class sun/util/resources/TimeZoneNames_en done

Classes unloaded (20 events):
Event: 6.905 Thread 0x0000025c95f34210 Unloading class 0x0000025cae1ac800 'java/lang/invoke/LambdaForm$MH+0x0000025cae1ac800'
Event: 6.905 Thread 0x0000025c95f34210 Unloading class 0x0000025cae1ac400 'java/lang/invoke/LambdaForm$MH+0x0000025cae1ac400'
Event: 6.905 Thread 0x0000025c95f34210 Unloading class 0x0000025cae1ac000 'java/lang/invoke/LambdaForm$MH+0x0000025cae1ac000'
Event: 6.905 Thread 0x0000025c95f34210 Unloading class 0x0000025cae1abc00 'java/lang/invoke/LambdaForm$MH+0x0000025cae1abc00'
Event: 6.905 Thread 0x0000025c95f34210 Unloading class 0x0000025cae1ab800 'java/lang/invoke/LambdaForm$BMH+0x0000025cae1ab800'
Event: 6.905 Thread 0x0000025c95f34210 Unloading class 0x0000025cae1ab400 'java/lang/invoke/LambdaForm$DMH+0x0000025cae1ab400'
Event: 6.905 Thread 0x0000025c95f34210 Unloading class 0x0000025cae1aa000 'java/lang/invoke/LambdaForm$DMH+0x0000025cae1aa000'
Event: 8.542 Thread 0x0000025c95f34210 Unloading class 0x0000025cae388800 'java/lang/invoke/LambdaForm$MH+0x0000025cae388800'
Event: 8.542 Thread 0x0000025c95f34210 Unloading class 0x0000025cae383c00 'java/lang/invoke/LambdaForm$MH+0x0000025cae383c00'
Event: 8.542 Thread 0x0000025c95f34210 Unloading class 0x0000025cae383400 'java/lang/invoke/LambdaForm$MH+0x0000025cae383400'
Event: 8.542 Thread 0x0000025c95f34210 Unloading class 0x0000025cae382c00 'java/lang/invoke/LambdaForm$DMH+0x0000025cae382c00'
Event: 8.542 Thread 0x0000025c95f34210 Unloading class 0x0000025cae382000 'java/lang/invoke/LambdaForm$MH+0x0000025cae382000'
Event: 8.542 Thread 0x0000025c95f34210 Unloading class 0x0000025cae372c00 'java/lang/invoke/LambdaForm$MH+0x0000025cae372c00'
Event: 8.542 Thread 0x0000025c95f34210 Unloading class 0x0000025cae372000 'java/lang/invoke/LambdaForm$MH+0x0000025cae372000'
Event: 8.542 Thread 0x0000025c95f34210 Unloading class 0x0000025cae371800 'java/lang/invoke/LambdaForm$MH+0x0000025cae371800'
Event: 8.542 Thread 0x0000025c95f34210 Unloading class 0x0000025cae371000 'java/lang/invoke/LambdaForm$MH+0x0000025cae371000'
Event: 8.542 Thread 0x0000025c95f34210 Unloading class 0x0000025cae370800 'java/lang/invoke/LambdaForm$MH+0x0000025cae370800'
Event: 8.542 Thread 0x0000025c95f34210 Unloading class 0x0000025cae370000 'java/lang/invoke/LambdaForm$MH+0x0000025cae370000'
Event: 8.542 Thread 0x0000025c95f34210 Unloading class 0x0000025cae36d800 'java/lang/invoke/LambdaForm$MH+0x0000025cae36d800'
Event: 8.542 Thread 0x0000025c95f34210 Unloading class 0x0000025cae36d400 'java/lang/invoke/LambdaForm$MH+0x0000025cae36d400'

Classes redefined (0 events):
No events

Internal exceptions (20 events):
Event: 16.549 Thread 0x0000025cf43557a0 Exception <a 'sun/nio/fs/WindowsException'{0x00000000d6018cc8}> (0x00000000d6018cc8) 
thrown [s\src\hotspot\share\prims\jni.cpp, line 520]
Event: 16.549 Thread 0x0000025cf43557a0 Exception <a 'sun/nio/fs/WindowsException'{0x00000000d60192f8}> (0x00000000d60192f8) 
thrown [s\src\hotspot\share\prims\jni.cpp, line 520]
Event: 16.643 Thread 0x0000025cf43536d0 Exception <a 'java/io/FileNotFoundException'{0x00000000d58d76b0}> (0x00000000d58d76b0) 
thrown [s\src\hotspot\share\prims\jni.cpp, line 520]
Event: 16.643 Thread 0x0000025cf43536d0 Exception <a 'java/io/FileNotFoundException'{0x00000000d58d86c8}> (0x00000000d58d86c8) 
thrown [s\src\hotspot\share\prims\jni.cpp, line 520]
Event: 16.644 Thread 0x0000025cf43536d0 Exception <a 'java/io/FileNotFoundException'{0x00000000d59292d0}> (0x00000000d59292d0) 
thrown [s\src\hotspot\share\prims\jni.cpp, line 520]
Event: 20.659 Thread 0x0000025cf4356b50 Exception <a 'sun/nio/fs/WindowsException'{0x00000000d55a3950}> (0x00000000d55a3950) 
thrown [s\src\hotspot\share\prims\jni.cpp, line 520]
Event: 20.692 Thread 0x0000025cf4356b50 Exception <a 'sun/nio/fs/WindowsException'{0x00000000d564f6f0}> (0x00000000d564f6f0) 
thrown [s\src\hotspot\share\prims\jni.cpp, line 520]
Event: 20.875 Thread 0x0000025cf6e0af00 Exception <a 'java/lang/IncompatibleClassChangeError'{0x00000000d5839b10}: Found class java.lang.Object, but interface was expected> (0x00000000d5839b10) 
thrown [s\src\hotspot\share\interpreter\linkResolver.cpp, line 840]
Event: 20.884 Thread 0x0000025cf45ff270 Implicit null exception at 0x0000025ca0e62d06 to 0x0000025ca0e62dfc
Event: 20.884 Thread 0x0000025cf45ff270 Implicit null exception at 0x0000025ca0ef91dd to 0x0000025ca0ef92d1
Event: 20.884 Thread 0x0000025cf45fb760 Exception <a 'java/lang/NoSuchMethodError'{0x00000000d55b3ad0}: 'java.lang.Object java.lang.invoke.DirectMethodHandle$Holder.invokeStaticInit(java.lang.Object, java.lang.Object, java.lang.Object)'> (0x00000000d55b3ad0) 
thrown [s\src\hotspot\share\interpreter\linkResolver.cpp, line 773]
Event: 20.887 Thread 0x0000025cf45ff270 Exception <a 'sun/nio/fs/WindowsException'{0x00000000d55fa070}> (0x00000000d55fa070) 
thrown [s\src\hotspot\share\prims\jni.cpp, line 520]
Event: 20.887 Thread 0x0000025cf45ff270 Exception <a 'sun/nio/fs/WindowsException'{0x00000000d55fa970}> (0x00000000d55fa970) 
thrown [s\src\hotspot\share\prims\jni.cpp, line 520]
Event: 20.888 Thread 0x0000025cf45ff270 Exception <a 'sun/nio/fs/WindowsException'{0x00000000d55fb888}> (0x00000000d55fb888) 
thrown [s\src\hotspot\share\prims\jni.cpp, line 520]
Event: 20.888 Thread 0x0000025cf45ff270 Exception <a 'sun/nio/fs/WindowsException'{0x00000000d55fc168}> (0x00000000d55fc168) 
thrown [s\src\hotspot\share\prims\jni.cpp, line 520]
Event: 20.889 Thread 0x0000025cf45ff270 Exception <a 'sun/nio/fs/WindowsException'{0x00000000d564d050}> (0x00000000d564d050) 
thrown [s\src\hotspot\share\prims\jni.cpp, line 520]
Event: 20.889 Thread 0x0000025cf45ff270 Exception <a 'sun/nio/fs/WindowsException'{0x00000000d564d930}> (0x00000000d564d930) 
thrown [s\src\hotspot\share\prims\jni.cpp, line 520]
Event: 20.890 Thread 0x0000025cf45ff270 Exception <a 'sun/nio/fs/WindowsException'{0x00000000d564e820}> (0x00000000d564e820) 
thrown [s\src\hotspot\share\prims\jni.cpp, line 520]
Event: 20.890 Thread 0x0000025cf45ff270 Exception <a 'sun/nio/fs/WindowsException'{0x00000000d564ee50}> (0x00000000d564ee50) 
thrown [s\src\hotspot\share\prims\jni.cpp, line 520]
Event: 21.434 Thread 0x0000025cf45fd830 Exception <a 'java/lang/NoSuchMethodError'{0x00000000d5625b60}: 'void java.lang.invoke.DirectMethodHandle$Holder.invokeSpecial(java.lang.Object, java.lang.Object, int)'> (0x00000000d5625b60) 
thrown [s\src\hotspot\share\interpreter\linkResolver.cpp, line 773]

ZGC Phase Switch (0 events):
No events

VM Operations (20 events):
Event: 21.354 Executing safepoint VM operation: ParallelGCFailedAllocation (Allocation Failure)
Event: 21.357 Executing safepoint VM operation: ParallelGCFailedAllocation (Allocation Failure) done
Event: 21.371 Executing safepoint VM operation: ParallelGCFailedAllocation (Allocation Failure)
Event: 21.372 Executing safepoint VM operation: ParallelGCFailedAllocation (Allocation Failure) done
Event: 21.414 Executing non-safepoint VM operation: HandshakeAllThreads (Deoptimize)
Event: 21.414 Executing non-safepoint VM operation: HandshakeAllThreads (Deoptimize) done
Event: 21.417 Executing safepoint VM operation: ParallelGCFailedAllocation (Allocation Failure)
Event: 21.418 Executing safepoint VM operation: ParallelGCFailedAllocation (Allocation Failure) done
Event: 21.513 Executing safepoint VM operation: ParallelGCFailedAllocation (Allocation Failure)
Event: 21.516 Executing safepoint VM operation: ParallelGCFailedAllocation (Allocation Failure) done
Event: 21.563 Executing safepoint VM operation: ParallelGCFailedAllocation (Allocation Failure)
Event: 21.565 Executing safepoint VM operation: ParallelGCFailedAllocation (Allocation Failure) done
Event: 21.608 Executing safepoint VM operation: ParallelGCFailedAllocation (Allocation Failure)
Event: 21.610 Executing safepoint VM operation: ParallelGCFailedAllocation (Allocation Failure) done
Event: 22.619 Executing safepoint VM operation: Cleanup
Event: 22.619 Executing safepoint VM operation: Cleanup done
Event: 32.077 Executing safepoint VM operation: ParallelGCFailedAllocation (Allocation Failure)
Event: 32.081 Executing safepoint VM operation: ParallelGCFailedAllocation (Allocation Failure) done
Event: 33.094 Executing safepoint VM operation: Cleanup
Event: 33.094 Executing safepoint VM operation: Cleanup done

Memory protections (0 events):
No events

Nmethod flushes (20 events):
Event: 16.310 Thread 0x0000025c95f34210 flushing  nmethod 0x0000025c99a4c110
Event: 16.310 Thread 0x0000025c95f34210 flushing  nmethod 0x0000025c99a4ca90
Event: 16.310 Thread 0x0000025c95f34210 flushing  nmethod 0x0000025c99a4d090
Event: 16.310 Thread 0x0000025c95f34210 flushing  nmethod 0x0000025c99a4e310
Event: 16.310 Thread 0x0000025c95f34210 flushing  nmethod 0x0000025c99a60890
Event: 16.310 Thread 0x0000025c95f34210 flushing  nmethod 0x0000025c99a6a310
Event: 16.310 Thread 0x0000025c95f34210 flushing  nmethod 0x0000025c99a6b710
Event: 16.310 Thread 0x0000025c95f34210 flushing  nmethod 0x0000025c99a6bf90
Event: 16.310 Thread 0x0000025c95f34210 flushing  nmethod 0x0000025c99a6d010
Event: 16.310 Thread 0x0000025c95f34210 flushing  nmethod 0x0000025c99a6f390
Event: 16.310 Thread 0x0000025c95f34210 flushing  nmethod 0x0000025c99a77e90
Event: 16.310 Thread 0x0000025c95f34210 flushing  nmethod 0x0000025c99a9ee90
Event: 16.310 Thread 0x0000025c95f34210 flushing  nmethod 0x0000025c99aad910
Event: 16.310 Thread 0x0000025c95f34210 flushing  nmethod 0x0000025c99af4a10
Event: 16.310 Thread 0x0000025c95f34210 flushing  nmethod 0x0000025c99af6510
Event: 16.310 Thread 0x0000025c95f34210 flushing  nmethod 0x0000025c99af7e10
Event: 16.310 Thread 0x0000025c95f34210 flushing  nmethod 0x0000025c99af8810
Event: 16.310 Thread 0x0000025c95f34210 flushing  nmethod 0x0000025c99b01410
Event: 16.310 Thread 0x0000025c95f34210 flushing  nmethod 0x0000025c99b01b90
Event: 16.310 Thread 0x0000025c95f34210 flushing  nmethod 0x0000025c99b01f10

Events (20 events):
Event: 16.236 Thread 0x0000025cf45febe0 Thread added: 0x0000025cf45fcb10
Event: 17.565 Thread 0x0000025cf79b1640 Thread exited: 0x0000025cf79b1640
Event: 17.889 Thread 0x0000025cf4bd2970 Thread exited: 0x0000025cf4bd2970
Event: 19.234 Thread 0x0000025c9605bfd0 Thread added: 0x0000025cf79b1640
Event: 19.234 Thread 0x0000025c9605bfd0 Thread added: 0x0000025cf4680320
Event: 20.089 Thread 0x0000025cf79b1640 Thread exited: 0x0000025cf79b1640
Event: 20.089 Thread 0x0000025cf4680320 Thread exited: 0x0000025cf4680320
Event: 20.135 Thread 0x0000025c9605df40 Thread added: 0x0000025cf79b1640
Event: 20.649 Thread 0x0000025cf79b1640 Thread exited: 0x0000025cf79b1640
Event: 20.679 Thread 0x0000025c9605df40 Thread added: 0x0000025cf79b1640
Event: 20.868 Thread 0x0000025cf45fc480 Thread added: 0x0000025cf45fb760
Event: 20.873 Thread 0x0000025cf6e0af00 Thread added: 0x0000025cf45ff270
Event: 20.874 Thread 0x0000025cf45ff270 Thread added: 0x0000025cf45fbdf0
Event: 20.875 Thread 0x0000025cf45fbdf0 Thread added: 0x0000025cf46026f0
Event: 20.875 Thread 0x0000025cf45fd830 Thread added: 0x0000025cf4600620
Event: 20.876 Thread 0x0000025cf4600620 Thread added: 0x0000025cf45ff900
Event: 27.020 Thread 0x0000025cf79b1640 Thread exited: 0x0000025cf79b1640
Event: 32.019 Thread 0x0000025c9605df40 Thread added: 0x0000025cf8f45790
Event: 32.028 Thread 0x0000025c9605df40 Thread added: 0x0000025cf54b7d50
Event: 37.234 Thread 0x0000025cf54b7d50 Thread exited: 0x0000025cf54b7d50


Dynamic libraries:
0x00007ff613550000 - 0x00007ff61355e000 	c:\Users\noora\.vscode\extensions\redhat.java-1.54.0-win32-x64\jre\21.0.10-win32-x86_64\bin\java.exe
0x00007fffc9220000 - 0x00007fffc9487000 	C:\WINDOWS\SYSTEM32\ntdll.dll
0x00007fffc71d0000 - 0x00007fffc7299000 	C:\WINDOWS\System32\KERNEL32.DLL
0x00007fffc5d30000 - 0x00007fffc6121000 	C:\WINDOWS\System32\KERNELBASE.dll
0x00007fffc6380000 - 0x00007fffc64cb000 	C:\WINDOWS\System32\ucrtbase.dll
0x00007fff9ee50000 - 0x00007fff9ee6e000 	c:\Users\noora\.vscode\extensions\redhat.java-1.54.0-win32-x64\jre\21.0.10-win32-x86_64\bin\VCRUNTIME140.dll
0x00007fff71f80000 - 0x00007fff71f98000 	c:\Users\noora\.vscode\extensions\redhat.java-1.54.0-win32-x64\jre\21.0.10-win32-x86_64\bin\jli.dll
0x00007fffc7450000 - 0x00007fffc7615000 	C:\WINDOWS\System32\USER32.dll
0x00007fffc6350000 - 0x00007fffc6377000 	C:\WINDOWS\System32\win32u.dll
0x00007fffa2730000 - 0x00007fffa29c3000 	C:\WINDOWS\WinSxS\amd64_microsoft.windows.common-controls_6595b64144ccf1df_6.0.26100.8037_none_3e092faae333b53b\COMCTL32.dll
0x00007fffc7320000 - 0x00007fffc734b000 	C:\WINDOWS\System32\GDI32.dll
0x00007fffc7120000 - 0x00007fffc71c9000 	C:\WINDOWS\System32\msvcrt.dll
0x00007fffc64d0000 - 0x00007fffc65fb000 	C:\WINDOWS\System32\gdi32full.dll
0x00007fffc6130000 - 0x00007fffc61d3000 	C:\WINDOWS\System32\msvcp_win.dll
0x00007fffc8980000 - 0x00007fffc89b1000 	C:\WINDOWS\System32\IMM32.DLL
0x00007fffc0910000 - 0x00007fffc091c000 	c:\Users\noora\.vscode\extensions\redhat.java-1.54.0-win32-x64\jre\21.0.10-win32-x86_64\bin\vcruntime140_1.dll
0x00007fff07ac0000 - 0x00007fff07b4d000 	c:\Users\noora\.vscode\extensions\redhat.java-1.54.0-win32-x64\jre\21.0.10-win32-x86_64\bin\msvcp140.dll
0x00007ffeab630000 - 0x00007ffeac3d1000 	c:\Users\noora\.vscode\extensions\redhat.java-1.54.0-win32-x64\jre\21.0.10-win32-x86_64\bin\server\jvm.dll
0x00007fffc9120000 - 0x00007fffc91db000 	C:\WINDOWS\System32\ADVAPI32.dll
0x00007fffc9070000 - 0x00007fffc9117000 	C:\WINDOWS\System32\sechost.dll
0x00007fffc7f50000 - 0x00007fffc8068000 	C:\WINDOWS\System32\RPCRT4.dll
0x00007fffc8070000 - 0x00007fffc80e4000 	C:\WINDOWS\System32\WS2_32.dll
0x00007fffc5960000 - 0x00007fffc59be000 	C:\WINDOWS\SYSTEM32\POWRPROF.dll
0x00007fffc1620000 - 0x00007fffc1655000 	C:\WINDOWS\SYSTEM32\WINMM.dll
0x00007fffb3b00000 - 0x00007fffb3b0b000 	C:\WINDOWS\SYSTEM32\VERSION.dll
0x00007fffc5940000 - 0x00007fffc5954000 	C:\WINDOWS\SYSTEM32\UMPDC.dll
0x00007fffc4890000 - 0x00007fffc48ab000 	C:\WINDOWS\SYSTEM32\kernel.appcore.dll
0x00007fff9ed80000 - 0x00007fff9ed8a000 	c:\Users\noora\.vscode\extensions\redhat.java-1.54.0-win32-x64\jre\21.0.10-win32-x86_64\bin\jimage.dll
0x00007fffc3930000 - 0x00007fffc3b72000 	C:\WINDOWS\SYSTEM32\DBGHELP.DLL
0x00007fffc8c60000 - 0x00007fffc8fe2000 	C:\WINDOWS\System32\combase.dll
0x00007fffc7e70000 - 0x00007fffc7f47000 	C:\WINDOWS\System32\OLEAUT32.dll
0x00007fffa07a0000 - 0x00007fffa07db000 	C:\WINDOWS\SYSTEM32\dbgcore.DLL
0x00007fffc5c80000 - 0x00007fffc5d25000 	C:\WINDOWS\System32\bcryptPrimitives.dll
0x00007fff9cd00000 - 0x00007fff9cd0f000 	c:\Users\noora\.vscode\extensions\redhat.java-1.54.0-win32-x64\jre\21.0.10-win32-x86_64\bin\instrument.dll
0x00007fff68c40000 - 0x00007fff68c60000 	c:\Users\noora\.vscode\extensions\redhat.java-1.54.0-win32-x64\jre\21.0.10-win32-x86_64\bin\java.dll
0x00007fffc7700000 - 0x00007fffc7e5f000 	C:\WINDOWS\System32\SHELL32.dll
0x00007fffc61e0000 - 0x00007fffc634a000 	C:\WINDOWS\System32\wintypes.dll
0x00007fffc6600000 - 0x00007fffc6e64000 	C:\WINDOWS\System32\windows.storage.dll
0x00007fffc7350000 - 0x00007fffc7447000 	C:\WINDOWS\System32\SHCORE.dll
0x00007fffc89c0000 - 0x00007fffc8a27000 	C:\WINDOWS\System32\shlwapi.dll
0x00007fffc5a20000 - 0x00007fffc5a49000 	C:\WINDOWS\SYSTEM32\profapi.dll
0x00007fff685d0000 - 0x00007fff685e8000 	c:\Users\noora\.vscode\extensions\redhat.java-1.54.0-win32-x64\jre\21.0.10-win32-x86_64\bin\zip.dll
0x00007fff981a0000 - 0x00007fff981b0000 	C:\Users\noora\.vscode\extensions\redhat.java-1.54.0-win32-x64\jre\21.0.10-win32-x86_64\bin\net.dll
0x00007fffbd6e0000 - 0x00007fffbd807000 	C:\WINDOWS\SYSTEM32\WINHTTP.dll
0x00007fffc4e00000 - 0x00007fffc4e6b000 	C:\WINDOWS\system32\mswsock.dll
0x00007fff685f0000 - 0x00007fff68606000 	C:\Users\noora\.vscode\extensions\redhat.java-1.54.0-win32-x64\jre\21.0.10-win32-x86_64\bin\nio.dll
0x00007fff95a10000 - 0x00007fff95a20000 	c:\Users\noora\.vscode\extensions\redhat.java-1.54.0-win32-x64\jre\21.0.10-win32-x86_64\bin\verify.dll
0x00007fff183f0000 - 0x00007fff18435000 	C:\Users\noora\AppData\Roaming\Code\User\globalStorage\redhat.java\1.54.0\config_win\org.eclipse.equinox.launcher\org.eclipse.equinox.launcher.win32.win32.x86_64_1.3.0.v20260203-2149\eclipse_11919.dll
0x00007fffc8a30000 - 0x00007fffc8bc5000 	C:\WINDOWS\System32\ole32.dll
0x00007fffc50e0000 - 0x00007fffc50fb000 	C:\WINDOWS\SYSTEM32\CRYPTSP.dll
0x00007fffc47f0000 - 0x00007fffc4829000 	C:\WINDOWS\system32\rsaenh.dll
0x00007fffc4eb0000 - 0x00007fffc4ee2000 	C:\WINDOWS\SYSTEM32\USERENV.dll
0x00007fffc59f0000 - 0x00007fffc5a1a000 	C:\WINDOWS\SYSTEM32\bcrypt.dll
0x00007fffc5100000 - 0x00007fffc510c000 	C:\WINDOWS\SYSTEM32\CRYPTBASE.dll
0x00007fffc4260000 - 0x00007fffc4293000 	C:\WINDOWS\SYSTEM32\IPHLPAPI.DLL
0x00007fffc8150000 - 0x00007fffc815a000 	C:\WINDOWS\System32\NSI.dll
0x00007fff15a60000 - 0x00007fff15aa9000 	C:\Users\noora\AppData\Local\Temp\jna-105004413\jna11603864440120749342.dll
0x00007fffc8300000 - 0x00007fffc8308000 	C:\WINDOWS\System32\PSAPI.DLL
0x00007fffbf510000 - 0x00007fffbf52d000 	C:\WINDOWS\SYSTEM32\dhcpcsvc6.DLL
0x00007fffbf3a0000 - 0x00007fffbf3c3000 	C:\WINDOWS\SYSTEM32\dhcpcsvc.DLL

JVMTI agents:
c:\Users\noora\.vscode\extensions\redhat.java-1.54.0-win32-x64\lombok\lombok-1.18.39-4050.jar path:c:\Users\noora\.vscode\extensions\redhat.java-1.54.0-win32-x64\jre\21.0.10-win32-x86_64\bin\instrument.dll, loaded, initialized, instrumentlib options:none

dbghelp: loaded successfully - version: 4.0.5 - missing functions: none
symbol engine: initialized successfully - sym options: 0x614 - pdb path: .;c:\Users\noora\.vscode\extensions\redhat.java-1.54.0-win32-x64\jre\21.0.10-win32-x86_64\bin;C:\WINDOWS\SYSTEM32;C:\WINDOWS\WinSxS\amd64_microsoft.windows.common-controls_6595b64144ccf1df_6.0.26100.8037_none_3e092faae333b53b;c:\Users\noora\.vscode\extensions\redhat.java-1.54.0-win32-x64\jre\21.0.10-win32-x86_64\bin\server;C:\Users\noora\AppData\Roaming\Code\User\globalStorage\redhat.java\1.54.0\config_win\org.eclipse.equinox.launcher\org.eclipse.equinox.launcher.win32.win32.x86_64_1.3.0.v20260203-2149;C:\Users\noora\AppData\Local\Temp\jna-105004413

VM Arguments:
jvm_args: --add-modules=ALL-SYSTEM --add-opens=java.base/java.util=ALL-UNNAMED --add-opens=java.base/java.lang=ALL-UNNAMED --add-opens=java.base/sun.nio.fs=ALL-UNNAMED -Declipse.application=org.eclipse.jdt.ls.core.id1 -Dosgi.bundles.defaultStartLevel=4 -Declipse.product=org.eclipse.jdt.ls.core.product -Djava.import.generatesMetadataFilesAtProjectRoot=false -DDetectVMInstallationsJob.disabled=true -Dfile.encoding=utf8 -XX:+UseParallelGC -XX:GCTimeRatio=4 -XX:AdaptiveSizePolicyWeight=90 -Dsun.zip.disableMemoryMapping=true -Xmx2G -Xms100m -Xlog:disable -javaagent:c:\Users\noora\.vscode\extensions\redhat.java-1.54.0-win32-x64\lombok\lombok-1.18.39-4050.jar -XX:+HeapDumpOnOutOfMemoryError -XX:HeapDumpPath=c:\Users\noora\AppData\Roaming\Code\User\workspaceStorage\d060818fc9a2ccecc94454c2295717ac\redhat.java -Daether.dependencyCollector.impl=bf 
java_command: c:\Users\noora\.vscode\extensions\redhat.java-1.54.0-win32-x64\server\plugins\org.eclipse.equinox.launcher_1.7.100.v20251111-0406.jar -configuration c:\Users\noora\AppData\Roaming\Code\User\globalStorage\redhat.java\1.54.0\config_win -data c:\Users\noora\AppData\Roaming\Code\User\workspaceStorage\d060818fc9a2ccecc94454c2295717ac\redhat.java\jdt_ws --pipe=\\.\pipe\lsp-439c6361f5e9b6e857b18fc1e2736adc-sock
java_class_path (initial): c:\Users\noora\.vscode\extensions\redhat.java-1.54.0-win32-x64\server\plugins\org.eclipse.equinox.launcher_1.7.100.v20251111-0406.jar
Launcher Type: SUN_STANDARD

[Global flags]
    uintx AdaptiveSizePolicyWeight                 = 90                                        {product} {command line}
     intx CICompilerCount                          = 4                                         {product} {ergonomic}
    uintx GCTimeRatio                              = 4                                         {product} {command line}
     bool HeapDumpOnOutOfMemoryError               = true                                   {manageable} {command line}
    ccstr HeapDumpPath                             = c:\Users\noora\AppData\Roaming\Code\User\workspaceStorage\d060818fc9a2ccecc94454c2295717ac\redhat.java         {manageable} {command line}
   size_t InitialHeapSize                          = 104857600                                 {product} {command line}
   size_t MaxHeapSize                              = 2147483648                                {product} {command line}
   size_t MaxNewSize                               = 715653120                                 {product} {ergonomic}
   size_t MinHeapDeltaBytes                        = 524288                                    {product} {ergonomic}
   size_t MinHeapSize                              = 104857600                                 {product} {command line}
   size_t NewSize                                  = 34603008                                  {product} {ergonomic}
    uintx NonNMethodCodeHeapSize                   = 5839372                                {pd product} {ergonomic}
    uintx NonProfiledCodeHeapSize                  = 122909434                              {pd product} {ergonomic}
   size_t OldSize                                  = 70254592                                  {product} {ergonomic}
    uintx ProfiledCodeHeapSize                     = 122909434                              {pd product} {ergonomic}
    uintx ReservedCodeCacheSize                    = 251658240                              {pd product} {ergonomic}
     bool SegmentedCodeCache                       = true                                      {product} {ergonomic}
   size_t SoftMaxHeapSize                          = 2147483648                             {manageable} {ergonomic}
     bool UseCompressedOops                        = true                           {product lp64_product} {ergonomic}
     bool UseLargePagesIndividualAllocation        = false                                  {pd product} {ergonomic}
     bool UseParallelGC                            = true                                      {product} {command line}

Logging:
Log output configuration:
 #0: stdout all=off uptime,level,tags foldmultilines=false
 #1: stderr all=off uptime,level,tags foldmultilines=false

Release file:
JAVA_VERSION="21.0.10" 
MODULES="java.base java.compiler java.datatransfer java.xml java.prefs java.desktop java.instrument java.logging java.management java.security.sasl java.naming java.rmi java.management.rmi java.net.http java.scripting java.security.jgss java.transaction.xa java.sql java.sql.rowset java.xml.crypto java.se java.smartcardio jdk.accessibility jdk.internal.jvmstat jdk.attach jdk.charsets jdk.internal.opt jdk.zipfs jdk.compiler jdk.crypto.ec jdk.crypto.cryptoki jdk.crypto.mscapi jdk.dynalink jdk.internal.ed jdk.editpad jdk.hotspot.agent jdk.httpserver jdk.internal.le jdk.internal.vm.ci jdk.internal.vm.compiler jdk.internal.vm.compiler.management jdk.jartool jdk.javadoc jdk.jcmd jdk.management jdk.management.agent jdk.jconsole jdk.jdeps jdk.jdwp.agent jdk.jdi jdk.jfr jdk.jshell jdk.jsobject jdk.jstatd jdk.localedata jdk.management.jfr jdk.naming.dns jdk.naming.rmi jdk.net jdk.nio.mapmode jdk.random jdk.sctp jdk.security.auth jdk.security.jgss jdk.unsupported jdk.unsupported.desktop jdk.xml.dom" 

Environment Variables:
JAVA_HOME=C:\Program Files\Java\jdk-21
PATH=C:\Users\noora\AppData\Local\Programs\Microsoft VS Code;C:\Program Files\Microsoft SDKs\Azure\CLI2\wbin;C:\Program Files\Common Files\Oracle\Java\javapath;C:\Program Files (x86)\Common Files\Oracle\Java\javapath;C:\WINDOWS\system32;C:\WINDOWS;C:\WINDOWS\System32\Wbem;C:\WINDOWS\System32\WindowsPowerShell\v1.0\;C:\WINDOWS\System32\OpenSSH\;C:\Program Files\Java\jdk-21\bin;C:\Program Files (x86)\Microsoft SQL Server\160\DTS\Binn\;C:\Program Files (x86)\Microsoft SQL Server\160\Tools\Binn\;C:\Program Files\Microsoft SQL Server\160\Tools\Binn\;C:\Program Files\Microsoft SQL Server\Client SDK\ODBC\170\Tools\Binn\;C:\Program Files\Microsoft SQL Server\160\DTS\Binn\;C:\ProgramData\chocolatey\bin;C:\Program Files\cursor\resources\app\bin;C:\Program Files\nodejs\;C:\Program Files\Git\cmd;C:\Program Files\Docker\Docker\resources\bin;C:\Program Files\Amazon\AWSCLIV2\;C:\Users\noora\AppData\Local\Programs\Python\Python311\Scripts\;C:\Users\noora\AppData\Local\Programs\Python\Python311\;C:\Users\noora\.cargo\bin;C:\Users\noora\AppData\Local\Microsoft\WindowsApps;C:\Users\noora\AppData\Local\GitHubDesktop\bin;C:\Users\noora\AppData\Local\Python\bin;C:\Users\noora\AppData\Local\Programs\Microsoft VS Code\bin;C:\Users\noora\AppData\Roaming\npm;C:\Users\noora\AppData\Local\Programs\cursor\resources\app\bin;C:\Users\noora\AppData\Local\Microsoft\WinGet\Links;
USERNAME=noora
OS=Windows_NT
PROCESSOR_IDENTIFIER=Intel64 Family 6 Model 154 Stepping 4, GenuineIntel
TMP=C:\Users\noora\AppData\Local\Temp
TEMP=C:\Users\noora\AppData\Local\Temp




Periodic native trim disabled

---------------  S Y S T E M  ---------------

OS:
 Windows 11 , 64 bit Build 26100 (10.0.26100.7920)
OS uptime: 0 days 1:03 hours
Hyper-V role detected

CPU: total 12 (initial active 12) (6 cores per cpu, 2 threads per core) family 6 model 154 stepping 4 microcode 0x435, cx8, cmov, fxsr, ht, mmx, 3dnowpref, sse, sse2, sse3, ssse3, sse4.1, sse4.2, popcnt, lzcnt, tsc, tscinvbit, avx, avx2, aes, erms, clmul, bmi1, bmi2, adx, sha, fma, vzeroupper, clflush, clflushopt, clwb, hv, serialize, rdtscp, rdpid, fsrm, f16c, cet_ibt, cet_ss
Processor Information for processor 0
  Max Mhz: 1300, Current Mhz: 1300, Mhz Limit: 1300
Processor Information for processor 1
  Max Mhz: 1300, Current Mhz: 1300, Mhz Limit: 1300
Processor Information for processor 2
  Max Mhz: 1300, Current Mhz: 1300, Mhz Limit: 1300
Processor Information for processor 3
  Max Mhz: 1300, Current Mhz: 1300, Mhz Limit: 1300
Processor Information for processor 4
  Max Mhz: 1300, Current Mhz: 900, Mhz Limit: 897
Processor Information for processor 5
  Max Mhz: 1300, Current Mhz: 900, Mhz Limit: 897
Processor Information for processor 6
  Max Mhz: 1300, Current Mhz: 900, Mhz Limit: 897
Processor Information for processor 7
  Max Mhz: 1300, Current Mhz: 900, Mhz Limit: 897
Processor Information for processor 8
  Max Mhz: 1300, Current Mhz: 900, Mhz Limit: 897
Processor Information for processor 9
  Max Mhz: 1300, Current Mhz: 900, Mhz Limit: 897
Processor Information for processor 10
  Max Mhz: 1300, Current Mhz: 900, Mhz Limit: 897
Processor Information for processor 11
  Max Mhz: 1300, Current Mhz: 900, Mhz Limit: 897

Memory: 4k page, system-wide physical 7865M (430M free)
TotalPageFile size 19996M (AvailPageFile size 10M)
current process WorkingSet (physical memory assigned to process): 264M, peak: 768M
current process commit charge ("private bytes"): 664M, peak: 719M

vm_info: OpenJDK 64-Bit Server VM (21.0.10+7-LTS) for windows-amd64 JRE (21.0.10+7-LTS), built on 2026-01-20T00:00:00Z by "admin" with MS VC++ 17.12 (VS2022)

END.
